[collectFacts warn] review_invoked not derivable for exec-9; defaulting to false.
[collectFacts warn] review_invoked not derivable for exec-cold; defaulting to false.
[boundary-confirm warn] boundary decision write failed for exec-bound-writefail
[collectFacts warn] review_invoked not derivable for wh-review-rebuild-test:build-code:33d821d0-fa90-429d-80a4-5a213f0c39e3:round1; defaulting to false.
[collectFacts warn] review_invoked not derivable for exec-d; defaulting to false.
[collectFacts warn] review_invoked not derivable for wh-review-rebuild-test:build-code:69c75302-91ae-403d-b50d-8512697d0de2:round1; defaulting to false.
[receipt-writer] receipt_write_warn could not be written (disk full); original error: disk full
[collectFacts warn] review_invoked not derivable for exec-h; defaulting to false.
[collectFacts warn] review_invoked not derivable for wh-review-rebuild-test:build-code:69c75302-91ae-403d-b50d-8512697d0de2:round2; defaulting to false.
[collectFacts warn] review_invoked not derivable for exec-gap; defaulting to false.
[collectFacts warn] review_invoked not derivable for wh-review-rebuild-test:build-code:69c75302-91ae-403d-b50d-8512697d0de2:round3; defaulting to false.
[collectFacts warn] review_invoked not derivable for wh-review-rebuild-test:build-code:931c8031-cbbb-4628-a8e8-aaad740c1d8b:round1; defaulting to false.
[collectFacts warn] review_invoked not derivable for wh-review-rebuild-test:build-code:931c8031-cbbb-4628-a8e8-aaad740c1d8b:round2; defaulting to false.
[task-dir-parser] FAIL: WORKFLOWHUB_TASK_DIR is not set and no task_dir found in /Users/Hugh/multica_workspaces_desktop-api.multica.ai/75f83904-e6ad-4897-bd9e-b2fcc5602d33/f1d690a8/tmp/682ee019-f8d0-454b-a53f-b251c9f2caec/task-dir-parser-config-test-CxvBC6/fake-home/.workflowhub/config.json. Set the WORKFLOWHUB_TASK_DIR environment variable to the task tracking root directory, or add a task_dir entry to ~/.workflowhub/config.json.
[collectFacts warn] review_invoked not derivable for wh-review-rebuild-test:build-code:931c8031-cbbb-4628-a8e8-aaad740c1d8b:round3; defaulting to false.
[task-dir-parser] FAIL: 配置有问题 (config.json malformed)
[collectFacts warn] review_invoked not derivable for wh-review-rebuild-test:build-code:321cfbe8-3e8c-46d9-941d-03f31af5bb4c:round1; defaulting to false.
[task-dir-parser] FAIL: WORKFLOWHUB_TASK_DIR is not set and no task_dir found in /Users/Hugh/multica_workspaces_desktop-api.multica.ai/75f83904-e6ad-4897-bd9e-b2fcc5602d33/f1d690a8/tmp/682ee019-f8d0-454b-a53f-b251c9f2caec/task-dir-parser-config-test-6rwuje/fake-home/.workflowhub/config.json. Set the WORKFLOWHUB_TASK_DIR environment variable to the task tracking root directory, or add a task_dir entry to ~/.workflowhub/config.json.
[task-dir-parser] FAIL: WORKFLOWHUB_TASK_DIR is not set and no task_dir found in /Users/Hugh/multica_workspaces_desktop-api.multica.ai/75f83904-e6ad-4897-bd9e-b2fcc5602d33/f1d690a8/tmp/682ee019-f8d0-454b-a53f-b251c9f2caec/task-dir-parser-config-test-0mlhbr/fake-home/.workflowhub/config.json. Set the WORKFLOWHUB_TASK_DIR environment variable to the task tracking root directory, or add a task_dir entry to ~/.workflowhub/config.json.
[collectFacts warn] review_invoked not derivable for wh-review-rebuild-test:build-code:321cfbe8-3e8c-46d9-941d-03f31af5bb4c:round2; defaulting to false.
[task-dir-parser] FAIL: path does not exist (source: config.json (/Users/Hugh/multica_workspaces_desktop-api.multica.ai/75f83904-e6ad-4897-bd9e-b2fcc5602d33/f1d690a8/tmp/682ee019-f8d0-454b-a53f-b251c9f2caec/task-dir-parser-config-test-Zt9n1A/fake-home/.workflowhub/config.json)): /nonexistent-config-task-dir-1783575377187
[collectFacts warn] review_invoked not derivable for wh-review-rebuild-test:build-code:321cfbe8-3e8c-46d9-941d-03f31af5bb4c:round3; defaulting to false.
[collectFacts warn] review_invoked not derivable for wh-review-rebuild-test:build-code:c7ccba7b-30a2-4091-87aa-f38953179ab9:round1; defaulting to false.
[collectFacts warn] review_invoked not derivable for wh-review-rebuild-test:build-code:c7ccba7b-30a2-4091-87aa-f38953179ab9:round2; defaulting to false.
[collectFacts warn] review_invoked not derivable for wh-review-rebuild-test:build-code:c7ccba7b-30a2-4091-87aa-f38953179ab9:round3; defaulting to false.
[collectFacts warn] review_invoked not derivable for wh-review-rebuild-test:build-code:caca183b-0aee-4c09-b0ba-81665243132c:round1; defaulting to false.
[collectFacts warn] review_invoked not derivable for wh-review-rebuild-test:build-code:caca183b-0aee-4c09-b0ba-81665243132c:round2; defaulting to false.
[collectFacts warn] review_invoked not derivable for wh-review-rebuild-test:make-decision:f49da3e2-9ccf-4cb8-9188-16f498f2b32d:round1; defaulting to false.
[collectFacts warn] review_invoked not derivable for exec-facts-001; defaulting to false.
[collectFacts warn] review_invoked not derivable for wh-review-rebuild-test:build-code:8377e1ad-dede-4dd9-9a7f-e5d6fab560bc:round1; defaulting to false.
[collectFacts warn] review_invoked not derivable for exec-facts-002; defaulting to false.
[collectFacts warn] review_invoked not derivable for wh-review-rebuild-test:build-code:8377e1ad-dede-4dd9-9a7f-e5d6fab560bc:round2; defaulting to false.
[collectFacts warn] fact write failed for exec-facts-003
[collectFacts warn] review_invoked not derivable for wh-review-rebuild-test:build-code:8377e1ad-dede-4dd9-9a7f-e5d6fab560bc:round3; defaulting to false.
[task-dir-parser] FAIL: WORKFLOWHUB_TASK_DIR is not set and no task_dir found in /Users/Hugh/multica_workspaces_desktop-api.multica.ai/75f83904-e6ad-4897-bd9e-b2fcc5602d33/f1d690a8/tmp/682ee019-f8d0-454b-a53f-b251c9f2caec/task-dir-parser-test-XngGBe/home/.workflowhub/config.json. Set the WORKFLOWHUB_TASK_DIR environment variable to the task tracking root directory, or add a task_dir entry to ~/.workflowhub/config.json.
[task-dir-parser] FAIL: path does not exist (source: WORKFLOWHUB_TASK_DIR): /nonexistent-task-dir-1783575378003
[task-dir-parser] FAIL: path exists but is not a directory (source: WORKFLOWHUB_TASK_DIR): /Users/Hugh/multica_workspaces_desktop-api.multica.ai/75f83904-e6ad-4897-bd9e-b2fcc5602d33/f1d690a8/tmp/682ee019-f8d0-454b-a53f-b251c9f2caec/task-dir-parser-test-x0yF8s/not-a-dir.txt
[collectFacts warn] review_invoked not derivable for smoke-test-exec-id-001; defaulting to false.
