
> workflowhub@0.0.0 test
> vitest run --reporter=dot


 RUN  v2.1.9 /Users/Hugh/Hugh/Project/workflowhub-wh-quality-convergence

 ✓ tests/m12-spec-analyze.test.mjs (33 tests) 4ms
 ✓ tests/five-skills-present.test.mjs (59 tests) 5ms
 ✓ tests/m13b-build-spec-deepening.test.mjs (61 tests) 7ms
 ✓ tests/m12-spec-plan.test.mjs (17 tests) 2ms
 ✓ tests/m12-build-plan-v1.test.mjs (35 tests) 5ms
 ✓ tests/build-code-diff-only.test.mjs (23 tests) 3ms
 ✓ tests/m13-make-decision.test.mjs (163 tests) 28ms
 ✓ tests/metric-scan.test.mjs (24 tests) 115ms
 ✓ tests/stage-result-contract.test.mjs (17 tests) 4ms
 ✓ tests/m12-spec-tasks.test.mjs (20 tests) 3ms
 ✓ tests/m13d-build-code-deepening.test.mjs (20 tests) 4ms
 ✓ tests/boundary-confirm.test.mjs (10 tests) 13ms
 ✓ tests/baseline.test.mjs (19 tests) 5ms
 ✓ tests/metrics-collector.test.mjs (25 tests) 318ms
 ✓ core/__tests__/receipt-writer.test.mjs (49 tests) 358ms
 ✓ specs/wh-review-rebuild/__tests__/test-plan-smoke.test.mjs (3 tests) 150ms
 ✓ tests/spike-intake-design.test.mjs (7 tests) 8ms
 ✓ skills/wh-review/scripts/__tests__/snapshot-writer.test.mjs (12 tests) 14ms
 ✓ core/__tests__/task-dir-parser-config.test.mjs (9 tests) 423ms
 ✓ tests/knowledge-card.test.mjs (19 tests) 4ms
 ✓ skills/wh-review/scripts/__tests__/route-decision-writer.test.mjs (12 tests) 465ms
 ✓ skills/wh-review/scripts/__tests__/invoke-review-engine.test.mjs (29 tests) 774ms
 ✓ core/__tests__/check-anti-host.test.mjs (17 tests) 385ms
 ✓ core/__tests__/check-contract.test.mjs (13 tests) 381ms
 ✓ tests/moat-skills-phase1.test.mjs (10 tests) 4ms
 ✓ tests/verify-code-capture.test.mjs (17 tests) 586ms
 ✓ tests/m12-templates.test.mjs (19 tests) 2ms
 ✓ tests/moat-skills.test.mjs (14 tests) 5ms
 ✓ skills/wh-review/scripts/__tests__/render-review-report.test.mjs (11 tests) 9ms
 ✓ tests/stage-quality.test.mjs (7 tests) 119ms
 ✓ core/__tests__/parse-framework-config.test.mjs (8 tests) 4ms
 ✓ skills/wh-review/__tests__/human-brief-behavioral.test.mjs (20 tests) 3ms
 ✓ core/__tests__/resolve-path.test.mjs (12 tests) 3ms
 ✓ tests/execution-record.test.mjs (14 tests) 3ms
 ✓ tests/verify-code-facts.test.mjs (19 tests) 5ms
 ✓ skills/wh-review/scripts/__tests__/stage-invocation-chain.test.mjs (4 tests) 610ms
 ✓ tests/m12-reuse-registry.test.mjs (15 tests) 1ms
 ✓ tests/build-code-review.test.mjs (13 tests) 2ms
 ✓ skills/wh-review/scripts/__tests__/report-index.test.mjs (6 tests) 9ms
 ✓ skills/wh-review/scripts/__tests__/human-confirmation.test.mjs (9 tests) 14ms
 ✓ tests/fact-collector.test.mjs (3 tests) 157ms
 ✓ core/__tests__/worktree-reuse-guard.test.mjs (5 tests) 186ms
 ✓ tests/facts-subschema.test.mjs (58 tests) 1379ms
   ✓ build-code facts sub-schema (FR-CONTRACT-002 D11) > positive: commit_records are accepted only when they match worktree HEAD implementation commit 305ms
   ✓ build-code facts sub-schema (FR-CONTRACT-002 D11) > positive: multi-phase commit_records accept earlier implementation commits before final HEAD 394ms
   ✓ build-code facts sub-schema (FR-CONTRACT-002 D11) > negative: commit_records fail when implementation commit is behind HEAD 405ms
 ✓ core/__tests__/kernel.test.mjs (9 tests) 267ms
 ✓ tests/moat-skills-phase2.test.mjs (5 tests) 4ms
 ✓ core/__tests__/validate-contract.test.mjs (7 tests) 2ms
 ✓ skills/wh-review/scripts/__tests__/round-state.test.mjs (57 tests) 1471ms
 ✓ tests/m12-subskill-exclusion.test.mjs (2 tests) 16ms
 ✓ core/__tests__/task-dir-parser.test.mjs (8 tests) 317ms
 ✓ tests/moat-skills-phase3.test.mjs (8 tests) 2ms
 ✓ core/__tests__/load-config.test.mjs (8 tests) 5ms
 ✓ core/__tests__/task-index.test.mjs (6 tests) 50ms
 ✓ tests/build-code-facts.test.mjs (10 tests) 6ms
 ✓ core/__tests__/task-record-paths.test.mjs (3 tests) 150ms
 ✓ tests/verify-code-freshness.test.mjs (9 tests) 3ms
 ✓ tests/contract-freeze.test.mjs (5 tests) 1ms
 ✓ tests/flow-profile-decision-log.test.mjs (4 tests) 2ms
 ✓ tests/receipt-wiring.test.mjs (5 tests) 2ms
 ✓ tests/build-code-capture.test.mjs (23 tests) 1613ms
 ✓ tests/reuse-registry.test.mjs (3 tests) 2ms
 ✓ workflows/build-code/__tests__/section7-machine-checkable.test.mjs (4 tests) 3ms
 ✓ core/__tests__/protected-paths.test.mjs (7 tests) 2ms
 ✓ tests/build-code-target.test.mjs (4 tests) 2ms
 ✓ tests/smoke.test.mjs (1 test) 1ms
 ✓ tests/agenthub-baseline.test.mjs (9 tests) 413ms
 ✓ tests/metrics-smoke.test.mjs (4 tests) 77ms
 ✓ tests/task-record-paths-check.test.mjs (3 tests) 231ms
 ❯ core/__tests__/check-extensibility.test.mjs (13 tests | 6 failed) 3350ms
   × FR-EXT-001: verifySwappability — stub dispatched + core diff empty > resolves successfully with { passed: true } 432ms
     → expected false to be true // Object.is equality
   ✓ FR-EXT-001: verifySwappability — stub dispatched + core diff empty > reports component_id matching the stub, not any original component 434ms
   × FR-EXT-001: verifySwappability — stub dispatched + core diff empty > reports coreDiffEmpty = true (no core files were modified) 384ms
     → expected false to be true // Object.is equality
   × FR-EXT-002: verifyExtensibility — new dummy triggered by workflowId only > resolves with { passed: true } 396ms
     → expected false to be true // Object.is equality
   × FR-EXT-002: verifyExtensibility — new dummy triggered by workflowId only > reports coreDiffEmpty = true (no core files were modified) 185ms
     → expected false to be true // Object.is equality
   × FR-EXT-003: independence — each check returns only its own result shape > verifySwappability returns a result with the swap component_id (FR-EXT-001 only) 213ms
     → expected false to be true // Object.is equality
   × FR-EXT-003: independence — each check returns only its own result shape > verifyExtensibility returns a result with the ext component_id (FR-EXT-002 only) 212ms
     → expected false to be true // Object.is equality
 ✓ tests/receipt-verification.test.mjs (28 tests) 4151ms
 ✓ tests/phase-gate.test.mjs (22 tests) 4701ms
   ✓ phase-gate > passes a completed phase with RED/GREEN, diff scan, independent review, commit record, and clean worktree 340ms
   ✓ phase-gate > passes when RED evidence has a non-one failing exit code 334ms
   ✓ phase-gate > fails an empty inline diff scan object 362ms
   ✓ phase-gate > fails partial diff scan shapes 326ms
   ✓ phase-gate > fails same_source/pass review because it is not independent evidence 367ms
 ❯ core/__tests__/run-checks.test.mjs (11 tests | 1 failed) 43456ms
   × FR-CI-001: aggregate mode (no args) > exits 0 on a clean repo 7621ms
     → [run-checks] running check-anti-host ...
check-anti-host: OK — scanned 21 file(s), no violations
[run-checks] running check-extensibility ...
[FR-EXT-001] verifySwappability ...
[FR-EXT-002] verifyExtensibility ...
[run-checks] retrying check-extensibility after transient failure (1/6) ...
[FR-EXT-001] verifySwappability ...
[FR-EXT-002] verifyExtensibility ...
[run-checks] retrying check-extensibility after transient failure (2/6) ...
[FR-EXT-001] verifySwappability ...
[FR-EXT-002] verifyExtensibility ...
[run-checks] retrying check-extensibility after transient failure (3/6) ...
[FR-EXT-001] verifySwappability ...
[FR-EXT-002] verifyExtensibility ...
[run-checks] retrying check-extensibility after transient failure (4/6) ...
[FR-EXT-001] verifySwappability ...
[FR-EXT-002] verifyExtensibility ...
[run-checks] retrying check-extensibility after transient failure (5/6) ...
[FR-EXT-001] verifySwappability ...
[FR-EXT-002] verifyExtensibility ...
[run-checks] retrying check-extensibility after transient failure (6/6) ...
[FR-EXT-001] verifySwappability ...
[FR-EXT-002] verifyExtensibility ...
[run-checks] running check-contract ...
[check-contract] checking: /Users/Hugh/Hugh/Project/workflowhub-wh-quality-convergence/contracts/component-output.contract.json
[check-contract] valid sample PASS — validateContract accepted { component_id, output_path }
[check-contract] invalid sample correctly rejected by validateContract
[check-contract] PASS — contract structure and FR-NC-005 path-only constraint verified
[run-checks] running check-metrics-schema ...
[check-metrics-schema] validating execution-record + knowledge-card schemas
[check-metrics-schema] PASS — metrics schemas + contracts validated
[run-checks] running check-stage-quality ...
[check-stage-quality] scanning 20 file(s) in metrics/ + scripts/ ...
[check-stage-quality] scanning 5 SKILL.md file(s) for metrics wiring ...
[check-stage-quality] PASS — quality-class blocking gates = 0, metric wiring = complete
[run-checks] running check-task-record-paths ...
[check-task-record-paths] PASS
  FAIL  component_id=dummy-ok coreDiffEmpty=false
  FAIL  component_id=dummy-ok coreDiffEmpty=false
  FAIL  component_id=dummy-ok coreDiffEmpty=false
  FAIL  component_id=dummy-ok coreDiffEmpty=false
  FAIL  component_id=dummy-ok coreDiffEmpty=false
  FAIL  component_id=dummy-ok coreDiffEmpty=false
  FAIL  component_id=dummy-ok coreDiffEmpty=false
  FAIL  component_id=dummy-ok coreDiffEmpty=false
  FAIL  component_id=dummy-ok coreDiffEmpty=false
  FAIL  component_id=dummy-ok coreDiffEmpty=false
  FAIL  component_id=dummy-ok coreDiffEmpty=false
  FAIL  component_id=dummy-ok coreDiffEmpty=false
  FAIL  component_id=dummy-ok coreDiffEmpty=false
  FAIL  component_id=dummy-ok coreDiffEmpty=false
[run-checks] FAILED: check-extensibility (exit 1)
[run-checks] 1 checker(s) failed — aggregated exit 1
: expected 1 to be +0 // Object.is equality
   ✓ FR-CI-001: aggregate mode (no args) > stdout mentions check-anti-host (checker was invoked) 7184ms
   ✓ FR-CI-001: aggregate mode (no args) > stdout mentions check-extensibility (checker was invoked) 7198ms
   ✓ FR-CI-001: aggregate mode (no args) > stdout mentions check-contract (checker was invoked) 7051ms
   ✓ FR-CI-001: non-zero propagation > exits non-zero when a checker signals failure 7109ms
   ✓ FR-CI-001: non-zero propagation > reports which checker failed 7110ms

 Test Files  2 failed | 69 passed (71)
      Tests  7 failed | 1231 passed (1238)
   Start at  12:48:04
   Duration  44.97s (transform 874ms, setup 0ms, collect 2.42s, tests 66.88s, environment 6ms, prepare 2.42s)

