[collectFacts warn] review_invoked not derivable for exec-9; defaulting to false.
[collectFacts warn] review_invoked not derivable for exec-cold; defaulting to false.
[boundary-confirm warn] boundary decision write failed for exec-bound-writefail
[collectFacts warn] review_invoked not derivable for exec-d; defaulting to false.
[collectFacts warn] review_invoked not derivable for wh-review-rebuild-test:build-code:ae1dc412-8b58-4ba4-ae63-61dcf168662b:round1; defaulting to false.
[collectFacts warn] review_invoked not derivable for exec-h; defaulting to false.
[collectFacts warn] review_invoked not derivable for wh-review-rebuild-test:build-code:8e85d1ab-f143-4fbe-957e-1615cdf39492:round1; defaulting to false.
[collectFacts warn] review_invoked not derivable for exec-gap; defaulting to false.
[collectFacts warn] review_invoked not derivable for wh-review-rebuild-test:build-code:8e85d1ab-f143-4fbe-957e-1615cdf39492:round2; defaulting to false.
[collectFacts warn] review_invoked not derivable for wh-review-rebuild-test:build-code:8e85d1ab-f143-4fbe-957e-1615cdf39492:round3; defaulting to false.
[collectFacts warn] review_invoked not derivable for wh-review-rebuild-test:build-code:f0ef6bf6-b0af-47a1-b866-82cb03d7b7f7:round1; defaulting to false.
[receipt-writer] receipt_write_warn could not be written (disk full); original error: disk full
[collectFacts warn] review_invoked not derivable for wh-review-rebuild-test:build-code:f0ef6bf6-b0af-47a1-b866-82cb03d7b7f7:round2; defaulting to false.
[collectFacts warn] review_invoked not derivable for wh-review-rebuild-test:build-code:f0ef6bf6-b0af-47a1-b866-82cb03d7b7f7:round3; defaulting to false.
[collectFacts warn] review_invoked not derivable for wh-review-rebuild-test:build-code:20af5446-24a3-4a6d-974c-f68d62008959:round1; defaulting to false.
[collectFacts warn] review_invoked not derivable for wh-review-rebuild-test:build-code:20af5446-24a3-4a6d-974c-f68d62008959:round2; defaulting to false.
[collectFacts warn] review_invoked not derivable for wh-review-rebuild-test:build-code:20af5446-24a3-4a6d-974c-f68d62008959:round3; defaulting to false.
[collectFacts warn] review_invoked not derivable for wh-review-rebuild-test:build-code:c3a6b942-cc5f-47b8-9d35-493bc20ac422:round1; defaulting to false.
[collectFacts warn] review_invoked not derivable for wh-review-rebuild-test:build-code:c3a6b942-cc5f-47b8-9d35-493bc20ac422:round2; defaulting to false.
[task-dir-parser] FAIL: WORKFLOWHUB_TASK_DIR is not set and no task_dir found in /Users/Hugh/multica_workspaces_desktop-api.multica.ai/75f83904-e6ad-4897-bd9e-b2fcc5602d33/0868de74/tmp/5facc2a6-0168-43ea-8329-abdb56743ad1/task-dir-parser-config-test-eC5NEU/fake-home/.workflowhub/config.json. Set the WORKFLOWHUB_TASK_DIR environment variable to the task tracking root directory, or add a task_dir entry to ~/.workflowhub/config.json.
[collectFacts warn] review_invoked not derivable for wh-review-rebuild-test:build-code:c3a6b942-cc5f-47b8-9d35-493bc20ac422:round3; defaulting to false.
[task-dir-parser] FAIL: 配置有问题 (config.json malformed)
[task-dir-parser] FAIL: WORKFLOWHUB_TASK_DIR is not set and no task_dir found in /Users/Hugh/multica_workspaces_desktop-api.multica.ai/75f83904-e6ad-4897-bd9e-b2fcc5602d33/0868de74/tmp/5facc2a6-0168-43ea-8329-abdb56743ad1/task-dir-parser-config-test-zh9WLl/fake-home/.workflowhub/config.json. Set the WORKFLOWHUB_TASK_DIR environment variable to the task tracking root directory, or add a task_dir entry to ~/.workflowhub/config.json.
[collectFacts warn] review_invoked not derivable for wh-review-rebuild-test:build-code:30e50a45-95a0-4bf8-8daf-24b9197e96b4:round1; defaulting to false.
[collectFacts warn] review_invoked not derivable for exec-facts-001; defaulting to false.
[task-dir-parser] FAIL: WORKFLOWHUB_TASK_DIR is not set and no task_dir found in /Users/Hugh/multica_workspaces_desktop-api.multica.ai/75f83904-e6ad-4897-bd9e-b2fcc5602d33/0868de74/tmp/5facc2a6-0168-43ea-8329-abdb56743ad1/task-dir-parser-config-test-jTLfKC/fake-home/.workflowhub/config.json. Set the WORKFLOWHUB_TASK_DIR environment variable to the task tracking root directory, or add a task_dir entry to ~/.workflowhub/config.json.
[collectFacts warn] review_invoked not derivable for wh-review-rebuild-test:build-code:30e50a45-95a0-4bf8-8daf-24b9197e96b4:round2; defaulting to false.
[task-dir-parser] FAIL: path does not exist (source: config.json (/Users/Hugh/multica_workspaces_desktop-api.multica.ai/75f83904-e6ad-4897-bd9e-b2fcc5602d33/0868de74/tmp/5facc2a6-0168-43ea-8329-abdb56743ad1/task-dir-parser-config-test-jbMWcs/fake-home/.workflowhub/config.json)): /nonexistent-config-task-dir-1783529798111
[collectFacts warn] review_invoked not derivable for exec-facts-002; defaulting to false.
[collectFacts warn] review_invoked not derivable for wh-review-rebuild-test:make-decision:a42e4cdc-b381-4957-a07b-d1ebd430e6aa:round1; defaulting to false.
[task-dir-parser] FAIL: WORKFLOWHUB_TASK_DIR is not set and no task_dir found in /Users/Hugh/multica_workspaces_desktop-api.multica.ai/75f83904-e6ad-4897-bd9e-b2fcc5602d33/0868de74/tmp/5facc2a6-0168-43ea-8329-abdb56743ad1/task-dir-parser-test-hLhCky/home/.workflowhub/config.json. Set the WORKFLOWHUB_TASK_DIR environment variable to the task tracking root directory, or add a task_dir entry to ~/.workflowhub/config.json.
[collectFacts warn] fact write failed for exec-facts-003
[collectFacts warn] review_invoked not derivable for wh-review-rebuild-test:build-code:3781c014-8e3c-46b2-ae77-1b3a91264bd8:round1; defaulting to false.
[task-dir-parser] FAIL: path does not exist (source: WORKFLOWHUB_TASK_DIR): /nonexistent-task-dir-1783529798210
[task-dir-parser] FAIL: path exists but is not a directory (source: WORKFLOWHUB_TASK_DIR): /Users/Hugh/multica_workspaces_desktop-api.multica.ai/75f83904-e6ad-4897-bd9e-b2fcc5602d33/0868de74/tmp/5facc2a6-0168-43ea-8329-abdb56743ad1/task-dir-parser-test-2VDAKy/not-a-dir.txt
[collectFacts warn] review_invoked not derivable for wh-review-rebuild-test:build-code:3781c014-8e3c-46b2-ae77-1b3a91264bd8:round2; defaulting to false.
[collectFacts warn] review_invoked not derivable for wh-review-rebuild-test:build-code:3781c014-8e3c-46b2-ae77-1b3a91264bd8:round3; defaulting to false.
[collectFacts warn] review_invoked not derivable for smoke-test-exec-id-001; defaulting to false.
⎯⎯⎯⎯⎯⎯⎯ Failed Tests 7 ⎯⎯⎯⎯⎯⎯⎯

 FAIL  core/__tests__/check-extensibility.test.mjs > FR-EXT-001: verifySwappability — stub dispatched + core diff empty > resolves successfully with { passed: true }
AssertionError: expected false to be true // Object.is equality

- Expected
+ Received

- true
+ false

 ❯ core/__tests__/check-extensibility.test.mjs:66:27
     64|   it("resolves successfully with { passed: true }", async () => {
     65|     const result = await verifySwappability({ configPath, workflowId: …
     66|     expect(result.passed).toBe(true);
       |                           ^
     67|   });
     68| 

⎯⎯⎯⎯⎯⎯⎯⎯⎯⎯⎯⎯⎯⎯⎯⎯⎯⎯⎯⎯⎯⎯⎯⎯[1/7]⎯

 FAIL  core/__tests__/check-extensibility.test.mjs > FR-EXT-001: verifySwappability — stub dispatched + core diff empty > reports coreDiffEmpty = true (no core files were modified)
AssertionError: expected false to be true // Object.is equality

- Expected
+ Received

- true
+ false

 ❯ core/__tests__/check-extensibility.test.mjs:76:34
     74|   it("reports coreDiffEmpty = true (no core files were modified)", asy…
     75|     const result = await verifySwappability({ configPath, workflowId: …
     76|     expect(result.coreDiffEmpty).toBe(true);
       |                                  ^
     77|   });
     78| });

⎯⎯⎯⎯⎯⎯⎯⎯⎯⎯⎯⎯⎯⎯⎯⎯⎯⎯⎯⎯⎯⎯⎯⎯[2/7]⎯

 FAIL  core/__tests__/check-extensibility.test.mjs > FR-EXT-002: verifyExtensibility — new dummy triggered by workflowId only > resolves with { passed: true }
AssertionError: expected false to be true // Object.is equality

- Expected
+ Received

- true
+ false

 ❯ core/__tests__/check-extensibility.test.mjs:155:27
    153|   it("resolves with { passed: true }", async () => {
    154|     const result = await verifyExtensibility({ configPath, workflowId:…
    155|     expect(result.passed).toBe(true);
       |                           ^
    156|   });
    157| 

⎯⎯⎯⎯⎯⎯⎯⎯⎯⎯⎯⎯⎯⎯⎯⎯⎯⎯⎯⎯⎯⎯⎯⎯[3/7]⎯

 FAIL  core/__tests__/check-extensibility.test.mjs > FR-EXT-002: verifyExtensibility — new dummy triggered by workflowId only > reports coreDiffEmpty = true (no core files were modified)
AssertionError: expected false to be true // Object.is equality

- Expected
+ Received

- true
+ false

 ❯ core/__tests__/check-extensibility.test.mjs:165:34
    163|   it("reports coreDiffEmpty = true (no core files were modified)", asy…
    164|     const result = await verifyExtensibility({ configPath, workflowId:…
    165|     expect(result.coreDiffEmpty).toBe(true);
       |                                  ^
    166|   });
    167| 

⎯⎯⎯⎯⎯⎯⎯⎯⎯⎯⎯⎯⎯⎯⎯⎯⎯⎯⎯⎯⎯⎯⎯⎯[4/7]⎯

 FAIL  core/__tests__/check-extensibility.test.mjs > FR-EXT-003: independence — each check returns only its own result shape > verifySwappability returns a result with the swap component_id (FR-EXT-001 only)
AssertionError: expected false to be true // Object.is equality

- Expected
+ Received

- true
+ false

 ❯ core/__tests__/check-extensibility.test.mjs:271:27
    269|   it("verifySwappability returns a result with the swap component_id (…
    270|     const result = await verifySwappability({ configPath: swapConfigPa…
    271|     expect(result.passed).toBe(true);
       |                           ^
    272|     expect(result.componentId).toBe("stub-indep");
    273|   });

⎯⎯⎯⎯⎯⎯⎯⎯⎯⎯⎯⎯⎯⎯⎯⎯⎯⎯⎯⎯⎯⎯⎯⎯[5/7]⎯

 FAIL  core/__tests__/check-extensibility.test.mjs > FR-EXT-003: independence — each check returns only its own result shape > verifyExtensibility returns a result with the ext component_id (FR-EXT-002 only)
AssertionError: expected false to be true // Object.is equality

- Expected
+ Received

- true
+ false

 ❯ core/__tests__/check-extensibility.test.mjs:277:27
    275|   it("verifyExtensibility returns a result with the ext component_id (…
    276|     const result = await verifyExtensibility({ configPath: extConfigPa…
    277|     expect(result.passed).toBe(true);
       |                           ^
    278|     expect(result.componentId).toBe("dummy-indep");
    279|   });

⎯⎯⎯⎯⎯⎯⎯⎯⎯⎯⎯⎯⎯⎯⎯⎯⎯⎯⎯⎯⎯⎯⎯⎯[6/7]⎯

 FAIL  core/__tests__/run-checks.test.mjs > FR-CI-001: aggregate mode (no args) > exits 0 on a clean repo
AssertionError: expected 1 to be +0 // Object.is equality

- Expected
+ Received

- 0
+ 1

 ❯ core/__tests__/run-checks.test.mjs:41:22
     39|   test("exits 0 on a clean repo", () => {
     40|     const r = run();
     41|     expect(r.status).toBe(0);
       |                      ^
     42|   });
     43| 

⎯⎯⎯⎯⎯⎯⎯⎯⎯⎯⎯⎯⎯⎯⎯⎯⎯⎯⎯⎯⎯⎯⎯⎯[7/7]⎯

