
 RUN  v2.1.9 /Users/Hugh/Hugh/Project/workflowhub-wh-quality-convergence

 ↓ tests/m12-build-plan-v1.test.mjs (35 tests | 35 skipped)
 ↓ tests/m12-spec-analyze.test.mjs (33 tests | 33 skipped)
 ↓ tests/m13-make-decision.test.mjs (163 tests | 163 skipped)
 ↓ tests/metric-scan.test.mjs (24 tests | 24 skipped)
 ↓ tests/five-skills-present.test.mjs (59 tests | 59 skipped)
 ↓ tests/m12-spec-plan.test.mjs (17 tests | 17 skipped)
 ↓ tests/m13b-build-spec-deepening.test.mjs (61 tests | 61 skipped)
 ↓ tests/build-code-diff-only.test.mjs (23 tests | 23 skipped)
 ↓ tests/facts-subschema.test.mjs (40 tests | 40 skipped)
 ↓ tests/metrics-collector.test.mjs (25 tests | 25 skipped)
 ↓ skills/wh-review/scripts/__tests__/invoke-review-engine.test.mjs (27 tests | 27 skipped)
 ↓ skills/wh-review/scripts/__tests__/round-state.test.mjs (57 tests | 57 skipped)
 ↓ tests/m12-spec-tasks.test.mjs (20 tests | 20 skipped)
 ↓ tests/stage-result-contract.test.mjs (17 tests | 17 skipped)
 ↓ core/__tests__/check-extensibility.test.mjs (13 tests | 13 skipped)
 ↓ tests/build-code-capture.test.mjs (23 tests | 23 skipped)
 ↓ specs/wh-review-rebuild/__tests__/test-plan-smoke.test.mjs (3 tests | 3 skipped)
 ↓ tests/boundary-confirm.test.mjs (10 tests | 10 skipped)
 ↓ tests/baseline.test.mjs (19 tests | 19 skipped)
 ↓ skills/wh-review/scripts/__tests__/route-decision-writer.test.mjs (12 tests | 12 skipped)
 ↓ tests/m13d-build-code-deepening.test.mjs (13 tests | 13 skipped)
 ↓ core/__tests__/check-anti-host.test.mjs (17 tests | 17 skipped)
 ↓ core/__tests__/check-contract.test.mjs (13 tests | 13 skipped)
 ↓ tests/spike-intake-design.test.mjs (7 tests | 7 skipped)
 ↓ skills/wh-review/scripts/__tests__/stage-invocation-chain.test.mjs (4 tests | 4 skipped)
 ↓ tests/knowledge-card.test.mjs (19 tests | 19 skipped)
 ↓ skills/wh-review/scripts/__tests__/snapshot-writer.test.mjs (12 tests | 12 skipped)
 ↓ tests/moat-skills-phase1.test.mjs (10 tests | 10 skipped)
 ↓ tests/stage-quality.test.mjs (7 tests | 7 skipped)
 ↓ tests/m12-templates.test.mjs (19 tests | 19 skipped)
 ↓ tests/moat-skills.test.mjs (14 tests | 14 skipped)
 ↓ skills/wh-review/__tests__/human-brief-behavioral.test.mjs (20 tests | 20 skipped)
 ↓ core/__tests__/parse-framework-config.test.mjs (8 tests | 8 skipped)
 ↓ skills/wh-review/scripts/__tests__/render-review-report.test.mjs (11 tests | 11 skipped)
 ↓ tests/verify-code-capture.test.mjs (15 tests | 15 skipped)
 ↓ tests/execution-record.test.mjs (14 tests | 14 skipped)
 ↓ core/__tests__/task-dir-parser-config.test.mjs (7 tests | 7 skipped)
 ↓ core/__tests__/resolve-path.test.mjs (12 tests | 12 skipped)
 ✓ tests/receipt-verification.test.mjs (24 tests | 22 skipped) 428ms
 ↓ core/__tests__/worktree-reuse-guard.test.mjs (5 tests | 5 skipped)
 ↓ core/__tests__/kernel.test.mjs (9 tests | 9 skipped)
 ↓ core/__tests__/run-checks.test.mjs (11 tests | 11 skipped)
 ↓ tests/m12-reuse-registry.test.mjs (15 tests | 15 skipped)
 ↓ tests/fact-collector.test.mjs (3 tests | 3 skipped)
 ↓ tests/verify-code-facts.test.mjs (19 tests | 19 skipped)
 ↓ core/__tests__/task-dir-parser.test.mjs (8 tests | 8 skipped)
 ↓ skills/wh-review/scripts/__tests__/report-index.test.mjs (6 tests | 6 skipped)
 ↓ tests/build-code-review.test.mjs (12 tests | 12 skipped)
 ↓ skills/wh-review/scripts/__tests__/human-confirmation.test.mjs (9 tests | 9 skipped)
 ✓ core/__tests__/receipt-writer.test.mjs (49 tests | 5 skipped) 531ms
 ↓ tests/moat-skills-phase2.test.mjs (5 tests | 5 skipped)
 ↓ tests/agenthub-baseline.test.mjs (9 tests | 9 skipped)
 ↓ core/__tests__/validate-contract.test.mjs (7 tests | 7 skipped)
 ↓ tests/build-code-facts.test.mjs (10 tests | 10 skipped)
 ↓ tests/moat-skills-phase3.test.mjs (8 tests | 8 skipped)
 ↓ core/__tests__/load-config.test.mjs (8 tests | 8 skipped)
 ↓ tests/m12-subskill-exclusion.test.mjs (2 tests | 2 skipped)
 ↓ tests/contract-freeze.test.mjs (5 tests | 5 skipped)
 ↓ tests/verify-code-freshness.test.mjs (9 tests | 9 skipped)
 ↓ tests/reuse-registry.test.mjs (3 tests | 3 skipped)
 ↓ core/__tests__/task-index.test.mjs (6 tests | 6 skipped)
 ↓ tests/flow-profile-decision-log.test.mjs (4 tests | 4 skipped)
 ↓ tests/metrics-smoke.test.mjs (4 tests | 4 skipped)
 ↓ workflows/build-code/__tests__/section7-machine-checkable.test.mjs (4 tests | 4 skipped)
 ↓ core/__tests__/protected-paths.test.mjs (7 tests | 7 skipped)
 ✓ tests/receipt-wiring.test.mjs (4 tests) 4ms
 ↓ tests/smoke.test.mjs (1 test | 1 skipped)
 ↓ tests/build-code-target.test.mjs (4 tests | 4 skipped)

 Test Files  3 passed | 65 skipped (68)
      Tests  50 passed | 1123 skipped (1173)
   Start at  01:25:47
   Duration  1.05s (transform 798ms, setup 0ms, collect 2.42s, tests 962ms, environment 7ms, prepare 2.46s)

