
> workflowhub@0.0.0 test
> vitest run


 RUN  v2.1.9 /Users/Hugh/Hugh/Project/workflowhub-wh-quality-convergence

 ✓ tests/build-code-diff-only.test.mjs (23 tests) 3ms
 ✓ tests/m12-spec-analyze.test.mjs (33 tests) 6ms
 ✓ tests/five-skills-present.test.mjs (59 tests) 8ms
 ✓ tests/m12-build-plan-v1.test.mjs (35 tests) 8ms
 ✓ tests/m12-spec-plan.test.mjs (17 tests) 3ms
 ✓ tests/m13b-build-spec-deepening.test.mjs (61 tests) 9ms
 ✓ tests/facts-subschema.test.mjs (40 tests) 4ms
 ✓ tests/m13-make-decision.test.mjs (163 tests) 34ms
 ✓ tests/metric-scan.test.mjs (24 tests) 94ms
 ✓ tests/stage-result-contract.test.mjs (17 tests) 4ms
 ✓ tests/m12-spec-tasks.test.mjs (20 tests) 3ms
 ✓ tests/m13d-build-code-deepening.test.mjs (19 tests) 4ms
 ✓ tests/baseline.test.mjs (19 tests) 4ms
 ✓ tests/boundary-confirm.test.mjs (10 tests) 14ms
 ✓ specs/wh-review-rebuild/__tests__/test-plan-smoke.test.mjs (3 tests) 146ms
 ✓ tests/spike-intake-design.test.mjs (7 tests) 6ms
 ✓ skills/wh-review/scripts/__tests__/snapshot-writer.test.mjs (12 tests) 16ms
 ✓ tests/metrics-collector.test.mjs (25 tests) 319ms
 ✓ core/__tests__/receipt-writer.test.mjs (49 tests) 360ms
 ✓ tests/knowledge-card.test.mjs (19 tests) 4ms
 ✓ tests/moat-skills-phase1.test.mjs (10 tests) 4ms
 ✓ tests/m12-templates.test.mjs (19 tests) 2ms
 ✓ skills/wh-review/scripts/__tests__/render-review-report.test.mjs (11 tests) 7ms
 ✓ tests/stage-quality.test.mjs (7 tests) 98ms
 ✓ tests/moat-skills.test.mjs (14 tests) 7ms
 ✓ skills/wh-review/__tests__/human-brief-behavioral.test.mjs (20 tests) 3ms
 ✓ core/__tests__/parse-framework-config.test.mjs (8 tests) 4ms
 ✓ skills/wh-review/scripts/__tests__/invoke-review-engine.test.mjs (27 tests) 628ms
 ✓ core/__tests__/check-anti-host.test.mjs (17 tests) 406ms
 ✓ skills/wh-review/scripts/__tests__/route-decision-writer.test.mjs (12 tests) 464ms
 ✓ core/__tests__/check-contract.test.mjs (13 tests) 418ms
 ✓ tests/execution-record.test.mjs (14 tests) 4ms
 ✓ core/__tests__/resolve-path.test.mjs (12 tests) 3ms
 ✓ tests/m12-reuse-registry.test.mjs (15 tests) 2ms
 ✓ tests/verify-code-facts.test.mjs (19 tests) 5ms
 ✓ skills/wh-review/scripts/__tests__/stage-invocation-chain.test.mjs (4 tests) 568ms
 ✓ skills/wh-review/scripts/__tests__/report-index.test.mjs (6 tests) 8ms
 ✓ skills/wh-review/scripts/__tests__/human-confirmation.test.mjs (9 tests) 11ms
 ✓ core/__tests__/task-dir-parser-config.test.mjs (7 tests) 260ms
 ✓ tests/fact-collector.test.mjs (3 tests) 155ms
 ✓ tests/build-code-review.test.mjs (12 tests) 2ms
 ✓ core/__tests__/worktree-reuse-guard.test.mjs (5 tests) 177ms
 ✓ core/__tests__/kernel.test.mjs (9 tests) 264ms
 ✓ tests/verify-code-capture.test.mjs (15 tests) 435ms
 ✓ tests/moat-skills-phase2.test.mjs (5 tests) 3ms
 ✓ core/__tests__/validate-contract.test.mjs (7 tests) 2ms
 ✓ tests/m12-subskill-exclusion.test.mjs (2 tests) 6ms
 ✓ core/__tests__/load-config.test.mjs (8 tests) 6ms
 ✓ tests/moat-skills-phase3.test.mjs (8 tests) 1ms
 ✓ core/__tests__/task-dir-parser.test.mjs (8 tests) 270ms
 ✓ tests/build-code-facts.test.mjs (10 tests) 3ms
 ✓ tests/contract-freeze.test.mjs (5 tests) 1ms
 ✓ tests/verify-code-freshness.test.mjs (9 tests) 4ms
 ✓ tests/flow-profile-decision-log.test.mjs (4 tests) 4ms
 ✓ tests/reuse-registry.test.mjs (3 tests) 2ms
 ✓ workflows/build-code/__tests__/section7-machine-checkable.test.mjs (4 tests) 2ms
 ✓ core/__tests__/protected-paths.test.mjs (7 tests) 2ms
 ✓ core/__tests__/task-index.test.mjs (5 tests) 3ms
 ✓ tests/metrics-smoke.test.mjs (4 tests) 63ms
 ✓ tests/build-code-target.test.mjs (4 tests) 1ms
 ✓ tests/smoke.test.mjs (1 test) 1ms
 ✓ skills/wh-review/scripts/__tests__/round-state.test.mjs (57 tests) 1354ms
 ✓ tests/agenthub-baseline.test.mjs (9 tests) 380ms
 ✓ tests/build-code-capture.test.mjs (23 tests) 1492ms
 ✓ tests/receipt-verification.test.mjs (19 tests) 2224ms
 ✓ core/__tests__/check-extensibility.test.mjs (13 tests) 3617ms
   ✓ FR-EXT-001: verifySwappability — stub dispatched + core diff empty > resolves successfully with { passed: true } 516ms
   ✓ FR-EXT-001: verifySwappability — stub dispatched + core diff empty > reports component_id matching the stub, not any original component 570ms
   ✓ FR-EXT-001: verifySwappability — stub dispatched + core diff empty > reports coreDiffEmpty = true (no core files were modified) 370ms
 ✓ core/__tests__/run-checks.test.mjs (11 tests) 3960ms
   ✓ FR-CI-001: aggregate mode (no args) > exits 0 on a clean repo 960ms
   ✓ FR-CI-001: aggregate mode (no args) > stdout mentions check-anti-host (checker was invoked) 637ms
   ✓ FR-CI-001: aggregate mode (no args) > stdout mentions check-extensibility (checker was invoked) 612ms
   ✓ FR-CI-001: aggregate mode (no args) > stdout mentions check-contract (checker was invoked) 584ms
   ✓ FR-CI-001: non-zero propagation > exits non-zero when a checker signals failure 503ms
   ✓ FR-CI-001: non-zero propagation > reports which checker failed 489ms

 Test Files  67 passed (67)
      Tests  1169 passed (1169)
   Start at  23:07:50
   Duration  5.07s (transform 686ms, setup 0ms, collect 2.05s, tests 18.38s, environment 6ms, prepare 2.21s)

