[collectFacts warn] review_invoked not derivable for exec-9; defaulting to false.
[collectFacts warn] review_invoked not derivable for exec-cold; defaulting to false.
[collectFacts warn] review_invoked not derivable for exec-d; defaulting to false.
[boundary-confirm warn] boundary decision write failed for exec-bound-writefail
[collectFacts warn] review_invoked not derivable for wh-review-rebuild-test:build-code:c24b4325-9cfd-49ee-87b3-18596e4dfdcd:round1; defaulting to false.
[collectFacts warn] review_invoked not derivable for exec-h; defaulting to false.
[receipt-writer] receipt_write_warn could not be written (disk full); original error: disk full
[collectFacts warn] review_invoked not derivable for wh-review-rebuild-test:build-code:ac6665fb-8722-41a6-bb5c-014ae095f700:round1; defaulting to false.
[collectFacts warn] review_invoked not derivable for exec-gap; defaulting to false.
[collectFacts warn] review_invoked not derivable for wh-review-rebuild-test:build-code:ac6665fb-8722-41a6-bb5c-014ae095f700:round2; defaulting to false.
[collectFacts warn] review_invoked not derivable for wh-review-rebuild-test:build-code:ac6665fb-8722-41a6-bb5c-014ae095f700:round3; defaulting to false.
[collectFacts warn] review_invoked not derivable for wh-review-rebuild-test:build-code:73ccd7f6-d90f-4a5e-9f13-b8e3ccc701ff:round1; defaulting to false.
[collectFacts warn] review_invoked not derivable for wh-review-rebuild-test:build-code:73ccd7f6-d90f-4a5e-9f13-b8e3ccc701ff:round2; defaulting to false.
[collectFacts warn] review_invoked not derivable for wh-review-rebuild-test:build-code:73ccd7f6-d90f-4a5e-9f13-b8e3ccc701ff:round3; defaulting to false.
[collectFacts warn] review_invoked not derivable for wh-review-rebuild-test:build-code:06c5d029-8f72-40ca-b0da-d68487cefdbf:round1; defaulting to false.
[collectFacts warn] review_invoked not derivable for wh-review-rebuild-test:build-code:06c5d029-8f72-40ca-b0da-d68487cefdbf:round2; defaulting to false.
[collectFacts warn] review_invoked not derivable for wh-review-rebuild-test:build-code:06c5d029-8f72-40ca-b0da-d68487cefdbf:round3; defaulting to false.
[task-dir-parser] FAIL: WORKFLOWHUB_TASK_DIR is not set and no task_dir found in /Users/Hugh/multica_workspaces_desktop-api.multica.ai/75f83904-e6ad-4897-bd9e-b2fcc5602d33/2e30a13a/tmp/2e30a13a-d572-4cf8-a88d-852773dd915b/task-dir-parser-config-test-Ox5p16/fake-home/.workflowhub/config.json. Set the WORKFLOWHUB_TASK_DIR environment variable to the task tracking root directory, or add a task_dir entry to ~/.workflowhub/config.json.
[collectFacts warn] review_invoked not derivable for wh-review-rebuild-test:build-code:bdd5c435-aead-4739-a457-393429b8652d:round1; defaulting to false.
[task-dir-parser] FAIL: 配置有问题 (config.json malformed)
[collectFacts warn] review_invoked not derivable for wh-review-rebuild-test:build-code:bdd5c435-aead-4739-a457-393429b8652d:round2; defaulting to false.
[task-dir-parser] FAIL: WORKFLOWHUB_TASK_DIR is not set and no task_dir found in /Users/Hugh/multica_workspaces_desktop-api.multica.ai/75f83904-e6ad-4897-bd9e-b2fcc5602d33/2e30a13a/tmp/2e30a13a-d572-4cf8-a88d-852773dd915b/task-dir-parser-config-test-kXHPce/fake-home/.workflowhub/config.json. Set the WORKFLOWHUB_TASK_DIR environment variable to the task tracking root directory, or add a task_dir entry to ~/.workflowhub/config.json.
[task-dir-parser] FAIL: WORKFLOWHUB_TASK_DIR is not set and no task_dir found in /Users/Hugh/multica_workspaces_desktop-api.multica.ai/75f83904-e6ad-4897-bd9e-b2fcc5602d33/2e30a13a/tmp/2e30a13a-d572-4cf8-a88d-852773dd915b/task-dir-parser-config-test-TSDR3p/fake-home/.workflowhub/config.json. Set the WORKFLOWHUB_TASK_DIR environment variable to the task tracking root directory, or add a task_dir entry to ~/.workflowhub/config.json.
[collectFacts warn] review_invoked not derivable for wh-review-rebuild-test:build-code:bdd5c435-aead-4739-a457-393429b8652d:round3; defaulting to false.
[task-dir-parser] FAIL: path does not exist (source: config.json (/Users/Hugh/multica_workspaces_desktop-api.multica.ai/75f83904-e6ad-4897-bd9e-b2fcc5602d33/2e30a13a/tmp/2e30a13a-d572-4cf8-a88d-852773dd915b/task-dir-parser-config-test-5dMeiK/fake-home/.workflowhub/config.json)): /nonexistent-config-task-dir-1783532696235
[collectFacts warn] review_invoked not derivable for wh-review-rebuild-test:build-code:cbaeb09d-b40e-4b7b-99fb-bfe0396732cb:round1; defaulting to false.
[collectFacts warn] review_invoked not derivable for exec-facts-001; defaulting to false.
[collectFacts warn] review_invoked not derivable for wh-review-rebuild-test:build-code:cbaeb09d-b40e-4b7b-99fb-bfe0396732cb:round2; defaulting to false.
[collectFacts warn] review_invoked not derivable for exec-facts-002; defaulting to false.
[task-dir-parser] FAIL: WORKFLOWHUB_TASK_DIR is not set and no task_dir found in /Users/Hugh/multica_workspaces_desktop-api.multica.ai/75f83904-e6ad-4897-bd9e-b2fcc5602d33/2e30a13a/tmp/2e30a13a-d572-4cf8-a88d-852773dd915b/task-dir-parser-test-t5FMOp/home/.workflowhub/config.json. Set the WORKFLOWHUB_TASK_DIR environment variable to the task tracking root directory, or add a task_dir entry to ~/.workflowhub/config.json.
[collectFacts warn] fact write failed for exec-facts-003
[collectFacts warn] review_invoked not derivable for wh-review-rebuild-test:make-decision:026211d0-b7d1-43ac-b85c-e838358dcede:round1; defaulting to false.
[task-dir-parser] FAIL: path does not exist (source: WORKFLOWHUB_TASK_DIR): /nonexistent-task-dir-1783532696384
[task-dir-parser] FAIL: path exists but is not a directory (source: WORKFLOWHUB_TASK_DIR): /Users/Hugh/multica_workspaces_desktop-api.multica.ai/75f83904-e6ad-4897-bd9e-b2fcc5602d33/2e30a13a/tmp/2e30a13a-d572-4cf8-a88d-852773dd915b/task-dir-parser-test-UtT0Dh/not-a-dir.txt
[collectFacts warn] review_invoked not derivable for wh-review-rebuild-test:build-code:ac9b28e6-e883-477f-99d7-4a27dbb9183f:round1; defaulting to false.
[collectFacts warn] review_invoked not derivable for wh-review-rebuild-test:build-code:ac9b28e6-e883-477f-99d7-4a27dbb9183f:round2; defaulting to false.
[collectFacts warn] review_invoked not derivable for wh-review-rebuild-test:build-code:ac9b28e6-e883-477f-99d7-4a27dbb9183f:round3; defaulting to false.
[collectFacts warn] review_invoked not derivable for smoke-test-exec-id-001; defaulting to false.
⎯⎯⎯⎯⎯⎯⎯ Failed Tests 9 ⎯⎯⎯⎯⎯⎯⎯

 FAIL  tests/m13d-build-code-deepening.test.mjs > T010(a): phase-N-RED.json risk_level exists and is legal when present > discovers at least one phase-N-RED.json evidence file
AssertionError: no phase-N-RED.json files found in /Users/Hugh/Hugh/Knowledge/m13d-build-code-deepening/evidence

- Expected
+ Received

- true
+ false

 ❯ tests/m13d-build-code-deepening.test.mjs:123:12
    121| 
    122|   it("discovers at least one phase-N-RED.json evidence file", () => {
    123|     assert.ok(reds.length > 0, `no phase-N-RED.json files found in ${E…
       |            ^
    124|   });
    125| 

⎯⎯⎯⎯⎯⎯⎯⎯⎯⎯⎯⎯⎯⎯⎯⎯⎯⎯⎯⎯⎯⎯⎯⎯[1/9]⎯

 FAIL  tests/m13d-build-code-deepening.test.mjs > T010(a): phase-N-RED.json risk_level exists and is legal when present > current phase-3-RED.json contains the risk_level field
AssertionError: missing /Users/Hugh/Hugh/Knowledge/m13d-build-code-deepening/evidence/phase-3-RED.json

- Expected
+ Received

- true
+ false

 ❯ tests/m13d-build-code-deepening.test.mjs:128:12
    126|   it("current phase-3-RED.json contains the risk_level field", () => {
    127|     const path = join(EVIDENCE_DIR, "phase-3-RED.json");
    128|     assert.ok(existsSync(path), `missing ${path}`);
       |            ^
    129|     const data = readJson(path);
    130|     assert.ok(

⎯⎯⎯⎯⎯⎯⎯⎯⎯⎯⎯⎯⎯⎯⎯⎯⎯⎯⎯⎯⎯⎯⎯⎯[2/9]⎯

 FAIL  tests/m13d-build-code-deepening.test.mjs > T010(b): phase-N-GREEN.json carries risk_level + commit/base/head sha > discovers at least one phase-N-GREEN.json evidence file
AssertionError: no phase-N-GREEN.json files found in /Users/Hugh/Hugh/Knowledge/m13d-build-code-deepening/evidence

- Expected
+ Received

- true
+ false

 ❯ tests/m13d-build-code-deepening.test.mjs:153:12
    151| 
    152|   it("discovers at least one phase-N-GREEN.json evidence file", () => {
    153|     assert.ok(greens.length > 0, `no phase-N-GREEN.json files found in…
       |            ^
    154|   });
    155| 

⎯⎯⎯⎯⎯⎯⎯⎯⎯⎯⎯⎯⎯⎯⎯⎯⎯⎯⎯⎯⎯⎯⎯⎯[3/9]⎯

 FAIL  tests/m13d-build-code-deepening.test.mjs > T010(c): l2-integration-test-report.json fields and enums > file exists
AssertionError: missing /Users/Hugh/Hugh/Knowledge/m13d-build-code-deepening/evidence/l2-integration-test-report.json

- Expected
+ Received

- true
+ false

 ❯ tests/m13d-build-code-deepening.test.mjs:179:12
    177| 
    178|   it("file exists", () => {
    179|     assert.ok(existsSync(path), `missing ${path}`);
       |            ^
    180|   });
    181| 

⎯⎯⎯⎯⎯⎯⎯⎯⎯⎯⎯⎯⎯⎯⎯⎯⎯⎯⎯⎯⎯⎯⎯⎯[4/9]⎯

 FAIL  tests/m13d-build-code-deepening.test.mjs > T010(c): l2-integration-test-report.json fields and enums > has legal routing_tier, non-empty routing_rationale, and legal result
Error: ENOENT: no such file or directory, open '/Users/Hugh/Hugh/Knowledge/m13d-build-code-deepening/evidence/l2-integration-test-report.json'
 ❯ readJson tests/m13d-build-code-deepening.test.mjs:29:21
     27| 
     28| function readJson(path) {
     29|   return JSON.parse(readFileSync(path, "utf8"));
       |                     ^
     30| }
     31| 
 ❯ tests/m13d-build-code-deepening.test.mjs:183:18

⎯⎯⎯⎯⎯⎯⎯⎯⎯⎯⎯⎯⎯⎯⎯⎯⎯⎯⎯⎯⎯⎯⎯⎯[5/9]⎯

 FAIL  tests/m13d-build-code-deepening.test.mjs > T010(d): spec-compliance-verdict.md verdict and findings > file exists
AssertionError: missing /Users/Hugh/Hugh/Knowledge/m13d-build-code-deepening/evidence/spec-compliance-verdict.md

- Expected
+ Received

- true
+ false

 ❯ tests/m13d-build-code-deepening.test.mjs:207:12
    205| 
    206|   it("file exists", () => {
    207|     assert.ok(existsSync(path), `missing ${path}`);
       |            ^
    208|   });
    209| 

⎯⎯⎯⎯⎯⎯⎯⎯⎯⎯⎯⎯⎯⎯⎯⎯⎯⎯⎯⎯⎯⎯⎯⎯[6/9]⎯

 FAIL  tests/m13d-build-code-deepening.test.mjs > T010(d): spec-compliance-verdict.md verdict and findings > contains a legal verdict and a findings field
Error: ENOENT: no such file or directory, open '/Users/Hugh/Hugh/Knowledge/m13d-build-code-deepening/evidence/spec-compliance-verdict.md'
 ❯ readText tests/m13d-build-code-deepening.test.mjs:25:10
     23| 
     24| function readText(path) {
     25|   return readFileSync(path, "utf8");
       |          ^
     26| }
     27| 
 ❯ tests/m13d-build-code-deepening.test.mjs:211:18

⎯⎯⎯⎯⎯⎯⎯⎯⎯⎯⎯⎯⎯⎯⎯⎯⎯⎯⎯⎯⎯⎯⎯⎯[7/9]⎯

 FAIL  tests/m13d-build-code-deepening.test.mjs > T010(e): code-quality-verdict.md verdict and findings > file exists
AssertionError: missing /Users/Hugh/Hugh/Knowledge/m13d-build-code-deepening/evidence/code-quality-verdict.md

- Expected
+ Received

- true
+ false

 ❯ tests/m13d-build-code-deepening.test.mjs:226:12
    224| 
    225|   it("file exists", () => {
    226|     assert.ok(existsSync(path), `missing ${path}`);
       |            ^
    227|   });
    228| 

⎯⎯⎯⎯⎯⎯⎯⎯⎯⎯⎯⎯⎯⎯⎯⎯⎯⎯⎯⎯⎯⎯⎯⎯[8/9]⎯

 FAIL  tests/m13d-build-code-deepening.test.mjs > T010(e): code-quality-verdict.md verdict and findings > contains a legal verdict and a findings field
Error: ENOENT: no such file or directory, open '/Users/Hugh/Hugh/Knowledge/m13d-build-code-deepening/evidence/code-quality-verdict.md'
 ❯ readText tests/m13d-build-code-deepening.test.mjs:25:10
     23| 
     24| function readText(path) {
     25|   return readFileSync(path, "utf8");
       |          ^
     26| }
     27| 
 ❯ tests/m13d-build-code-deepening.test.mjs:230:18

⎯⎯⎯⎯⎯⎯⎯⎯⎯⎯⎯⎯⎯⎯⎯⎯⎯⎯⎯⎯⎯⎯⎯⎯[9/9]⎯

