[collectFacts warn] review_invoked not derivable for exec-9; defaulting to false.
[collectFacts warn] review_invoked not derivable for exec-cold; defaulting to false.
[boundary-confirm warn] boundary decision write failed for exec-bound-writefail
[collectFacts warn] review_invoked not derivable for wh-review-rebuild-test:build-code:cafd222d-a003-4e38-85e5-477bcc59f66f:round1; defaulting to false.
[collectFacts warn] review_invoked not derivable for exec-d; defaulting to false.
[collectFacts warn] review_invoked not derivable for wh-review-rebuild-test:build-code:c8257ecf-02d5-4f7f-9f3d-a83942fcc9a3:round1; defaulting to false.
[collectFacts warn] review_invoked not derivable for exec-h; defaulting to false.
[receipt-writer] receipt_write_warn could not be written (disk full); original error: disk full
[collectFacts warn] review_invoked not derivable for exec-gap; defaulting to false.
[collectFacts warn] review_invoked not derivable for wh-review-rebuild-test:build-code:c8257ecf-02d5-4f7f-9f3d-a83942fcc9a3:round2; defaulting to false.
[collectFacts warn] review_invoked not derivable for wh-review-rebuild-test:build-code:c8257ecf-02d5-4f7f-9f3d-a83942fcc9a3:round3; defaulting to false.
[collectFacts warn] review_invoked not derivable for wh-review-rebuild-test:build-code:4bb59de7-eb8f-4f18-b977-e70493191845:round1; defaulting to false.
[collectFacts warn] review_invoked not derivable for wh-review-rebuild-test:build-code:4bb59de7-eb8f-4f18-b977-e70493191845:round2; defaulting to false.
[collectFacts warn] review_invoked not derivable for wh-review-rebuild-test:build-code:4bb59de7-eb8f-4f18-b977-e70493191845:round3; defaulting to false.
[collectFacts warn] review_invoked not derivable for wh-review-rebuild-test:build-code:0e0aa26e-9341-4036-9fa5-58c1622d6d9c:round1; defaulting to false.
[collectFacts warn] review_invoked not derivable for wh-review-rebuild-test:build-code:0e0aa26e-9341-4036-9fa5-58c1622d6d9c:round2; defaulting to false.
[collectFacts warn] review_invoked not derivable for wh-review-rebuild-test:build-code:0e0aa26e-9341-4036-9fa5-58c1622d6d9c:round3; defaulting to false.
[collectFacts warn] review_invoked not derivable for wh-review-rebuild-test:build-code:cd8d06bc-ecfe-4beb-aac0-1557d1c4bee9:round1; defaulting to false.
[collectFacts warn] review_invoked not derivable for wh-review-rebuild-test:build-code:cd8d06bc-ecfe-4beb-aac0-1557d1c4bee9:round2; defaulting to false.
[collectFacts warn] review_invoked not derivable for wh-review-rebuild-test:build-code:cd8d06bc-ecfe-4beb-aac0-1557d1c4bee9:round3; defaulting to false.
[task-dir-parser] FAIL: WORKFLOWHUB_TASK_DIR is not set and no task_dir found in /Users/Hugh/multica_workspaces_desktop-api.multica.ai/75f83904-e6ad-4897-bd9e-b2fcc5602d33/0868de74/tmp/0868de74-d282-4bff-ba19-4934f5687ac0/task-dir-parser-config-test-tUV02i/fake-home/.workflowhub/config.json. Set the WORKFLOWHUB_TASK_DIR environment variable to the task tracking root directory, or add a task_dir entry to ~/.workflowhub/config.json.
[collectFacts warn] review_invoked not derivable for wh-review-rebuild-test:build-code:797856b8-f35f-4ef1-9fac-d7e2c138bd19:round1; defaulting to false.
[task-dir-parser] FAIL: 配置有问题 (config.json malformed)
[task-dir-parser] FAIL: WORKFLOWHUB_TASK_DIR is not set and no task_dir found in /Users/Hugh/multica_workspaces_desktop-api.multica.ai/75f83904-e6ad-4897-bd9e-b2fcc5602d33/0868de74/tmp/0868de74-d282-4bff-ba19-4934f5687ac0/task-dir-parser-config-test-zXPVL5/fake-home/.workflowhub/config.json. Set the WORKFLOWHUB_TASK_DIR environment variable to the task tracking root directory, or add a task_dir entry to ~/.workflowhub/config.json.
[collectFacts warn] review_invoked not derivable for wh-review-rebuild-test:build-code:797856b8-f35f-4ef1-9fac-d7e2c138bd19:round2; defaulting to false.
[task-dir-parser] FAIL: WORKFLOWHUB_TASK_DIR is not set and no task_dir found in /Users/Hugh/multica_workspaces_desktop-api.multica.ai/75f83904-e6ad-4897-bd9e-b2fcc5602d33/0868de74/tmp/0868de74-d282-4bff-ba19-4934f5687ac0/task-dir-parser-config-test-hLgahM/fake-home/.workflowhub/config.json. Set the WORKFLOWHUB_TASK_DIR environment variable to the task tracking root directory, or add a task_dir entry to ~/.workflowhub/config.json.
[collectFacts warn] review_invoked not derivable for exec-facts-001; defaulting to false.
[collectFacts warn] review_invoked not derivable for wh-review-rebuild-test:make-decision:4f77db72-abb6-43d0-9757-733b8d9ed57a:round1; defaulting to false.
[task-dir-parser] FAIL: path does not exist (source: config.json (/Users/Hugh/multica_workspaces_desktop-api.multica.ai/75f83904-e6ad-4897-bd9e-b2fcc5602d33/0868de74/tmp/0868de74-d282-4bff-ba19-4934f5687ac0/task-dir-parser-config-test-8TE93u/fake-home/.workflowhub/config.json)): /nonexistent-config-task-dir-1783522880365
[collectFacts warn] review_invoked not derivable for exec-facts-002; defaulting to false.
[collectFacts warn] review_invoked not derivable for wh-review-rebuild-test:build-code:d82deb73-0bb4-44ab-889f-6f765bb452e2:round1; defaulting to false.
[collectFacts warn] fact write failed for exec-facts-003
[collectFacts warn] review_invoked not derivable for wh-review-rebuild-test:build-code:d82deb73-0bb4-44ab-889f-6f765bb452e2:round2; defaulting to false.
[task-dir-parser] FAIL: WORKFLOWHUB_TASK_DIR is not set and no task_dir found in /Users/Hugh/multica_workspaces_desktop-api.multica.ai/75f83904-e6ad-4897-bd9e-b2fcc5602d33/0868de74/tmp/0868de74-d282-4bff-ba19-4934f5687ac0/task-dir-parser-test-ZzJcLd/home/.workflowhub/config.json. Set the WORKFLOWHUB_TASK_DIR environment variable to the task tracking root directory, or add a task_dir entry to ~/.workflowhub/config.json.
[task-dir-parser] FAIL: path does not exist (source: WORKFLOWHUB_TASK_DIR): /nonexistent-task-dir-1783522880492
[collectFacts warn] review_invoked not derivable for wh-review-rebuild-test:build-code:d82deb73-0bb4-44ab-889f-6f765bb452e2:round3; defaulting to false.
[task-dir-parser] FAIL: path exists but is not a directory (source: WORKFLOWHUB_TASK_DIR): /Users/Hugh/multica_workspaces_desktop-api.multica.ai/75f83904-e6ad-4897-bd9e-b2fcc5602d33/0868de74/tmp/0868de74-d282-4bff-ba19-4934f5687ac0/task-dir-parser-test-GyIdfC/not-a-dir.txt
[collectFacts warn] review_invoked not derivable for smoke-test-exec-id-001; defaulting to false.
⎯⎯⎯⎯⎯⎯⎯ Failed Tests 7 ⎯⎯⎯⎯⎯⎯⎯

 FAIL  core/__tests__/check-extensibility.test.mjs > FR-EXT-001: verifySwappability — stub dispatched + core diff empty > resolves successfully with { passed: true }
AssertionError: expected false to be true // Object.is equality

- Expected
+ Received

- true
+ false

 ❯ core/__tests__/check-extensibility.test.mjs:66:27
     64|   it("resolves successfully with { passed: true }", async () => {
     65|     const result = await verifySwappability({ configPath, workflowId: …
     66|     expect(result.passed).toBe(true);
       |                           ^
     67|   });
     68| 

⎯⎯⎯⎯⎯⎯⎯⎯⎯⎯⎯⎯⎯⎯⎯⎯⎯⎯⎯⎯⎯⎯⎯⎯[1/7]⎯

 FAIL  core/__tests__/check-extensibility.test.mjs > FR-EXT-001: verifySwappability — stub dispatched + core diff empty > reports coreDiffEmpty = true (no core files were modified)
AssertionError: expected false to be true // Object.is equality

- Expected
+ Received

- true
+ false

 ❯ core/__tests__/check-extensibility.test.mjs:76:34
     74|   it("reports coreDiffEmpty = true (no core files were modified)", asy…
     75|     const result = await verifySwappability({ configPath, workflowId: …
     76|     expect(result.coreDiffEmpty).toBe(true);
       |                                  ^
     77|   });
     78| });

⎯⎯⎯⎯⎯⎯⎯⎯⎯⎯⎯⎯⎯⎯⎯⎯⎯⎯⎯⎯⎯⎯⎯⎯[2/7]⎯

 FAIL  core/__tests__/check-extensibility.test.mjs > FR-EXT-002: verifyExtensibility — new dummy triggered by workflowId only > resolves with { passed: true }
AssertionError: expected false to be true // Object.is equality

- Expected
+ Received

- true
+ false

 ❯ core/__tests__/check-extensibility.test.mjs:155:27
    153|   it("resolves with { passed: true }", async () => {
    154|     const result = await verifyExtensibility({ configPath, workflowId:…
    155|     expect(result.passed).toBe(true);
       |                           ^
    156|   });
    157| 

⎯⎯⎯⎯⎯⎯⎯⎯⎯⎯⎯⎯⎯⎯⎯⎯⎯⎯⎯⎯⎯⎯⎯⎯[3/7]⎯

 FAIL  core/__tests__/check-extensibility.test.mjs > FR-EXT-002: verifyExtensibility — new dummy triggered by workflowId only > reports coreDiffEmpty = true (no core files were modified)
AssertionError: expected false to be true // Object.is equality

- Expected
+ Received

- true
+ false

 ❯ core/__tests__/check-extensibility.test.mjs:165:34
    163|   it("reports coreDiffEmpty = true (no core files were modified)", asy…
    164|     const result = await verifyExtensibility({ configPath, workflowId:…
    165|     expect(result.coreDiffEmpty).toBe(true);
       |                                  ^
    166|   });
    167| 

⎯⎯⎯⎯⎯⎯⎯⎯⎯⎯⎯⎯⎯⎯⎯⎯⎯⎯⎯⎯⎯⎯⎯⎯[4/7]⎯

 FAIL  core/__tests__/check-extensibility.test.mjs > FR-EXT-003: independence — each check returns only its own result shape > verifySwappability returns a result with the swap component_id (FR-EXT-001 only)
AssertionError: expected false to be true // Object.is equality

- Expected
+ Received

- true
+ false

 ❯ core/__tests__/check-extensibility.test.mjs:271:27
    269|   it("verifySwappability returns a result with the swap component_id (…
    270|     const result = await verifySwappability({ configPath: swapConfigPa…
    271|     expect(result.passed).toBe(true);
       |                           ^
    272|     expect(result.componentId).toBe("stub-indep");
    273|   });

⎯⎯⎯⎯⎯⎯⎯⎯⎯⎯⎯⎯⎯⎯⎯⎯⎯⎯⎯⎯⎯⎯⎯⎯[5/7]⎯

 FAIL  core/__tests__/check-extensibility.test.mjs > FR-EXT-003: independence — each check returns only its own result shape > verifyExtensibility returns a result with the ext component_id (FR-EXT-002 only)
AssertionError: expected false to be true // Object.is equality

- Expected
+ Received

- true
+ false

 ❯ core/__tests__/check-extensibility.test.mjs:277:27
    275|   it("verifyExtensibility returns a result with the ext component_id (…
    276|     const result = await verifyExtensibility({ configPath: extConfigPa…
    277|     expect(result.passed).toBe(true);
       |                           ^
    278|     expect(result.componentId).toBe("dummy-indep");
    279|   });

⎯⎯⎯⎯⎯⎯⎯⎯⎯⎯⎯⎯⎯⎯⎯⎯⎯⎯⎯⎯⎯⎯⎯⎯[6/7]⎯

 FAIL  core/__tests__/run-checks.test.mjs > FR-CI-001: aggregate mode (no args) > exits 0 on a clean repo
AssertionError: expected 1 to be +0 // Object.is equality

- Expected
+ Received

- 0
+ 1

 ❯ core/__tests__/run-checks.test.mjs:41:22
     39|   test("exits 0 on a clean repo", () => {
     40|     const r = run();
     41|     expect(r.status).toBe(0);
       |                      ^
     42|   });
     43| 

⎯⎯⎯⎯⎯⎯⎯⎯⎯⎯⎯⎯⎯⎯⎯⎯⎯⎯⎯⎯⎯⎯⎯⎯[7/7]⎯

