⎯⎯⎯⎯⎯⎯⎯ Failed Tests 4 ⎯⎯⎯⎯⎯⎯⎯

 FAIL  tests/flow-profile-decision-log.test.mjs > FR-FLOWPROFILE-001: make-decision flow_profile contract > instructs decision-log.md to persist flow_profile with the decision record
AssertionError: missing token: flow_profile: expected '### Phase B — Decision log (see `skil…' to contain 'flow_profile'

- Expected
+ Received

- flow_profile
+ ### Phase B — Decision log (see `skills/decision-log/SKILL.md` for full detail)
+
+ Follow the canonical 7-section structure defined in `skills/decision-log/SKILL.md` exactly:
+
+ 1. Converge the confirmed direction and scope into a structured decision log file.
+ 2. Write the file to `tasks/<task>/decision-log.md` using the canonical 7 Chinese sections from `skills/decision-log/SKILL.md`:
+    1. **原始需求（原文）** — verbatim user requirement text.
+    2. **问题与目标** — the core problem being solved and the explicit goal.
+    3. **决策记录** — one entry per decision; each entry MUST carry a non-empty `来源证据` field. The chosen direction maps to facts key `decision`.
+    4. **假设** — explicit assumptions not stated in the requirement.
+    5. **明确不做** — items explicitly excluded, with brief reason each. The in/out boundary maps to facts key `scope`.
+    6. **开放问题** — items still ambiguous or awaiting approval.
+    7. **验收标准** — acceptance criteria verifiable after implementation.
+ 3. Record the path of this file as facts key `decision_log_path`.
+
+

 ❯ expectAll tests/flow-profile-decision-log.test.mjs:22:48
     20| function expectAll(section, tokens) {
     21|   for (const token of tokens) {
     22|     expect(section, `missing token: ${token}`).toContain(token);
       |                                                ^
     23|   }
     24| }
 ❯ tests/flow-profile-decision-log.test.mjs:31:5

⎯⎯⎯⎯⎯⎯⎯⎯⎯⎯⎯⎯⎯⎯⎯⎯⎯⎯⎯⎯⎯⎯⎯⎯[1/4]⎯

 FAIL  tests/flow-profile-decision-log.test.mjs > FR-FLOWPROFILE-001: make-decision flow_profile contract > requires stage-result facts.flow_profile as a string and rejects missing/non-string values
AssertionError: missing token: 字符串: expected '## Produce stage-result\n\nWhen the s…' to contain '字符串'

- Expected
+ Received

- 字符串
+ ## Produce stage-result
+
+ When the stage is complete, write a `stage-result` record with:
+
+ ```json
+ {
+   "status": "success",
+   "error_code": "",
+   "retryable": false,
+   "facts": {
+     "decision": "<one-sentence summary of the agreed direction>",
+     "scope": "<brief description of what is in scope and what is explicitly excluded>",
+     "decision_log_path": "tasks/<task>/decision-log.md",
+     "flow_profile": "<full_vibecoding | fast_make_decision_to_code>"
+   },
+   "missing_items": [],
+   "user_decision": true,
+   "reason": "User confirmed direction and scope."
+ }
+ ```
+
+ Also record a metrics entry via the collector. Call `recordSkeleton` at stage start and `updateOwnResult` at stage end, passing at minimum:
+
+ ```json
+ {
+   "execution_id": "<uuid>",
+   "skill_or_stage": "make-decision",
+   "stage": "make-decision",
+   "skill_version": "2.0.0",
+   "executed": true,
+   "tokens": null,
+   "duration_ms": null,
+   "rework_rounds": 0,
+   "human_intervention": true,
+   "friction_ref": null
+ }
+ ```
+
+ These are the M4 record-schema core fields (`execution_id`, `skill_or_stage`, `stage`, `skill_version`, `executed`, `tokens`, `duration_ms`, `rework_rounds`, `human_intervention`, `friction_ref`). Use `metrics/collector.mjs` — do not hand-write a raw jsonl line with only `skill/stage/event/ts`.
+
+ ---
+
+

 ❯ expectAll tests/flow-profile-decision-log.test.mjs:22:48
     20| function expectAll(section, tokens) {
     21|   for (const token of tokens) {
     22|     expect(section, `missing token: ${token}`).toContain(token);
       |                                                ^
     23|   }
     24| }
 ❯ tests/flow-profile-decision-log.test.mjs:44:5

⎯⎯⎯⎯⎯⎯⎯⎯⎯⎯⎯⎯⎯⎯⎯⎯⎯⎯⎯⎯⎯⎯⎯⎯[2/4]⎯

 FAIL  tests/flow-profile-decision-log.test.mjs > FR-FLOWPROFILE-001: make-decision flow_profile contract > documents downstream flow_profile use as read-only with no write, validation, branching, or blocking behavior
AssertionError: missing token: build-spec/build-plan/build-code/verify-code: expected '## Produce stage-result\n\nWhen the s…' to contain 'build-spec/build-plan/build-code/veri…'

- Expected
+ Received

- build-spec/build-plan/build-code/verify-code
+ ## Produce stage-result
+
+ When the stage is complete, write a `stage-result` record with:
+
+ ```json
+ {
+   "status": "success",
+   "error_code": "",
+   "retryable": false,
+   "facts": {
+     "decision": "<one-sentence summary of the agreed direction>",
+     "scope": "<brief description of what is in scope and what is explicitly excluded>",
+     "decision_log_path": "tasks/<task>/decision-log.md",
+     "flow_profile": "<full_vibecoding | fast_make_decision_to_code>"
+   },
+   "missing_items": [],
+   "user_decision": true,
+   "reason": "User confirmed direction and scope."
+ }
+ ```
+
+ Also record a metrics entry via the collector. Call `recordSkeleton` at stage start and `updateOwnResult` at stage end, passing at minimum:
+
+ ```json
+ {
+   "execution_id": "<uuid>",
+   "skill_or_stage": "make-decision",
+   "stage": "make-decision",
+   "skill_version": "2.0.0",
+   "executed": true,
+   "tokens": null,
+   "duration_ms": null,
+   "rework_rounds": 0,
+   "human_intervention": true,
+   "friction_ref": null
+ }
+ ```
+
+ These are the M4 record-schema core fields (`execution_id`, `skill_or_stage`, `stage`, `skill_version`, `executed`, `tokens`, `duration_ms`, `rework_rounds`, `human_intervention`, `friction_ref`). Use `metrics/collector.mjs` — do not hand-write a raw jsonl line with only `skill/stage/event/ts`.
+
+ ---
+
+

 ❯ expectAll tests/flow-profile-decision-log.test.mjs:22:48
     20| function expectAll(section, tokens) {
     21|   for (const token of tokens) {
     22|     expect(section, `missing token: ${token}`).toContain(token);
       |                                                ^
     23|   }
     24| }
 ❯ tests/flow-profile-decision-log.test.mjs:57:5

⎯⎯⎯⎯⎯⎯⎯⎯⎯⎯⎯⎯⎯⎯⎯⎯⎯⎯⎯⎯⎯⎯⎯⎯[3/4]⎯

 FAIL  tests/flow-profile-decision-log.test.mjs > FR-FLOWPROFILE-001: make-decision flow_profile contract > keeps flow_profile enum handling deferred instead of adding current-round enum validation
AssertionError: missing token: 不做枚举约束: expected '## Produce stage-result\n\nWhen the s…' to contain '不做枚举约束'

- Expected
+ Received

- 不做枚举约束
+ ## Produce stage-result
+
+ When the stage is complete, write a `stage-result` record with:
+
+ ```json
+ {
+   "status": "success",
+   "error_code": "",
+   "retryable": false,
+   "facts": {
+     "decision": "<one-sentence summary of the agreed direction>",
+     "scope": "<brief description of what is in scope and what is explicitly excluded>",
+     "decision_log_path": "tasks/<task>/decision-log.md",
+     "flow_profile": "<full_vibecoding | fast_make_decision_to_code>"
+   },
+   "missing_items": [],
+   "user_decision": true,
+   "reason": "User confirmed direction and scope."
+ }
+ ```
+
+ Also record a metrics entry via the collector. Call `recordSkeleton` at stage start and `updateOwnResult` at stage end, passing at minimum:
+
+ ```json
+ {
+   "execution_id": "<uuid>",
+   "skill_or_stage": "make-decision",
+   "stage": "make-decision",
+   "skill_version": "2.0.0",
+   "executed": true,
+   "tokens": null,
+   "duration_ms": null,
+   "rework_rounds": 0,
+   "human_intervention": true,
+   "friction_ref": null
+ }
+ ```
+
+ These are the M4 record-schema core fields (`execution_id`, `skill_or_stage`, `stage`, `skill_version`, `executed`, `tokens`, `duration_ms`, `rework_rounds`, `human_intervention`, `friction_ref`). Use `metrics/collector.mjs` — do not hand-write a raw jsonl line with only `skill/stage/event/ts`.
+
+ ---
+
+

 ❯ expectAll tests/flow-profile-decision-log.test.mjs:22:48
     20| function expectAll(section, tokens) {
     21|   for (const token of tokens) {
     22|     expect(section, `missing token: ${token}`).toContain(token);
       |                                                ^
     23|   }
     24| }
 ❯ tests/flow-profile-decision-log.test.mjs:71:5

⎯⎯⎯⎯⎯⎯⎯⎯⎯⎯⎯⎯⎯⎯⎯⎯⎯⎯⎯⎯⎯⎯⎯⎯[4/4]⎯

