[task-dir-parser] FAIL: WORKFLOWHUB_TASK_DIR is not set and no task_dir found in /Users/Hugh/multica_workspaces_desktop-api.multica.ai/75f83904-e6ad-4897-bd9e-b2fcc5602d33/2e30a13a/tmp/2e30a13a-d572-4cf8-a88d-852773dd915b/task-dir-parser-config-test-uSXB3U/fake-home/.workflowhub/config.json. Set the WORKFLOWHUB_TASK_DIR environment variable to the task tracking root directory, or add a task_dir entry to ~/.workflowhub/config.json.
[task-dir-parser] FAIL: 配置有问题 (config.json malformed)
[task-dir-parser] FAIL: WORKFLOWHUB_TASK_DIR is not set and no task_dir found in /Users/Hugh/multica_workspaces_desktop-api.multica.ai/75f83904-e6ad-4897-bd9e-b2fcc5602d33/2e30a13a/tmp/2e30a13a-d572-4cf8-a88d-852773dd915b/task-dir-parser-config-test-Y2YYnf/fake-home/.workflowhub/config.json. Set the WORKFLOWHUB_TASK_DIR environment variable to the task tracking root directory, or add a task_dir entry to ~/.workflowhub/config.json.
[task-dir-parser] FAIL: WORKFLOWHUB_TASK_DIR is not set and no task_dir found in /Users/Hugh/multica_workspaces_desktop-api.multica.ai/75f83904-e6ad-4897-bd9e-b2fcc5602d33/2e30a13a/tmp/2e30a13a-d572-4cf8-a88d-852773dd915b/task-dir-parser-config-test-PjquRy/fake-home/.workflowhub/config.json. Set the WORKFLOWHUB_TASK_DIR environment variable to the task tracking root directory, or add a task_dir entry to ~/.workflowhub/config.json.
[task-dir-parser] FAIL: path does not exist (source: config.json (/Users/Hugh/multica_workspaces_desktop-api.multica.ai/75f83904-e6ad-4897-bd9e-b2fcc5602d33/2e30a13a/tmp/2e30a13a-d572-4cf8-a88d-852773dd915b/task-dir-parser-config-test-E6yeqJ/fake-home/.workflowhub/config.json)): /nonexistent-config-task-dir-1783532598326
⎯⎯⎯⎯⎯⎯⎯ Failed Tests 1 ⎯⎯⎯⎯⎯⎯⎯

 FAIL  tests/receipt-verification.test.mjs > T005 — verifyReceipts > fails when stage-result belongs to a different stage
AssertionError: expected true to be false // Object.is equality

- Expected
+ Received

- false
+ true

 ❯ tests/receipt-verification.test.mjs:325:23
    323| 
    324|     const result = verifyReceipts("build-code", path, repo);
    325|     expect(result.ok).toBe(false);
       |                       ^
    326|     expect(result.errors.join("\n")).toMatch(/stage-result.*build-plan…
    327|   });

⎯⎯⎯⎯⎯⎯⎯⎯⎯⎯⎯⎯⎯⎯⎯⎯⎯⎯⎯⎯⎯⎯⎯⎯[1/1]⎯

