[collectFacts warn] review_invoked not derivable for exec-9; defaulting to false.
[collectFacts warn] review_invoked not derivable for exec-cold; defaulting to false.
[collectFacts warn] review_invoked not derivable for wh-review-rebuild-test:build-code:a21106f1-61a4-4865-9278-7739c1b3753a:round1; defaulting to false.
[boundary-confirm warn] boundary decision write failed for exec-bound-writefail
[collectFacts warn] review_invoked not derivable for exec-d; defaulting to false.
[receipt-writer] receipt_write_warn could not be written (disk full); original error: disk full
[collectFacts warn] review_invoked not derivable for wh-review-rebuild-test:build-code:e0285044-b006-465a-9d17-4f5b922c05e9:round1; defaulting to false.
[collectFacts warn] review_invoked not derivable for exec-h; defaulting to false.
[collectFacts warn] review_invoked not derivable for wh-review-rebuild-test:build-code:e0285044-b006-465a-9d17-4f5b922c05e9:round2; defaulting to false.
[collectFacts warn] review_invoked not derivable for exec-gap; defaulting to false.
[collectFacts warn] review_invoked not derivable for wh-review-rebuild-test:build-code:e0285044-b006-465a-9d17-4f5b922c05e9:round3; defaulting to false.
[collectFacts warn] review_invoked not derivable for wh-review-rebuild-test:build-code:b3b89f0f-bd34-4858-b0da-f2007125f0ed:round1; defaulting to false.
[collectFacts warn] review_invoked not derivable for wh-review-rebuild-test:build-code:b3b89f0f-bd34-4858-b0da-f2007125f0ed:round2; defaulting to false.
[collectFacts warn] review_invoked not derivable for wh-review-rebuild-test:build-code:b3b89f0f-bd34-4858-b0da-f2007125f0ed:round3; defaulting to false.
[collectFacts warn] review_invoked not derivable for wh-review-rebuild-test:build-code:3671f05c-fb90-4a55-b76b-f7d1121e661a:round1; defaulting to false.
[collectFacts warn] review_invoked not derivable for wh-review-rebuild-test:build-code:3671f05c-fb90-4a55-b76b-f7d1121e661a:round2; defaulting to false.
[collectFacts warn] review_invoked not derivable for wh-review-rebuild-test:build-code:3671f05c-fb90-4a55-b76b-f7d1121e661a:round3; defaulting to false.
[collectFacts warn] review_invoked not derivable for wh-review-rebuild-test:build-code:9ff7b3f9-cdd3-4bcc-84bf-8bff84618d67:round1; defaulting to false.
[collectFacts warn] review_invoked not derivable for wh-review-rebuild-test:build-code:9ff7b3f9-cdd3-4bcc-84bf-8bff84618d67:round2; defaulting to false.
[task-dir-parser] FAIL: WORKFLOWHUB_TASK_DIR is not set and no task_dir found in /Users/Hugh/multica_workspaces_desktop-api.multica.ai/75f83904-e6ad-4897-bd9e-b2fcc5602d33/0868de74/tmp/0868de74-d282-4bff-ba19-4934f5687ac0/task-dir-parser-config-test-3L2Fmp/fake-home/.workflowhub/config.json. Set the WORKFLOWHUB_TASK_DIR environment variable to the task tracking root directory, or add a task_dir entry to ~/.workflowhub/config.json.
[collectFacts warn] review_invoked not derivable for wh-review-rebuild-test:build-code:9ff7b3f9-cdd3-4bcc-84bf-8bff84618d67:round3; defaulting to false.
[task-dir-parser] FAIL: 配置有问题 (config.json malformed)
[collectFacts warn] review_invoked not derivable for exec-facts-001; defaulting to false.
[task-dir-parser] FAIL: WORKFLOWHUB_TASK_DIR is not set and no task_dir found in /Users/Hugh/multica_workspaces_desktop-api.multica.ai/75f83904-e6ad-4897-bd9e-b2fcc5602d33/0868de74/tmp/0868de74-d282-4bff-ba19-4934f5687ac0/task-dir-parser-config-test-HfZbBr/fake-home/.workflowhub/config.json. Set the WORKFLOWHUB_TASK_DIR environment variable to the task tracking root directory, or add a task_dir entry to ~/.workflowhub/config.json.
[collectFacts warn] review_invoked not derivable for wh-review-rebuild-test:build-code:7c76dbfe-1fc5-4dae-bd76-ff01599b2302:round1; defaulting to false.
[collectFacts warn] review_invoked not derivable for exec-facts-002; defaulting to false.
[task-dir-parser] FAIL: WORKFLOWHUB_TASK_DIR is not set and no task_dir found in /Users/Hugh/multica_workspaces_desktop-api.multica.ai/75f83904-e6ad-4897-bd9e-b2fcc5602d33/0868de74/tmp/0868de74-d282-4bff-ba19-4934f5687ac0/task-dir-parser-config-test-mfuD2K/fake-home/.workflowhub/config.json. Set the WORKFLOWHUB_TASK_DIR environment variable to the task tracking root directory, or add a task_dir entry to ~/.workflowhub/config.json.
[collectFacts warn] review_invoked not derivable for wh-review-rebuild-test:build-code:7c76dbfe-1fc5-4dae-bd76-ff01599b2302:round2; defaulting to false.
[task-dir-parser] FAIL: path does not exist (source: config.json (/Users/Hugh/multica_workspaces_desktop-api.multica.ai/75f83904-e6ad-4897-bd9e-b2fcc5602d33/0868de74/tmp/0868de74-d282-4bff-ba19-4934f5687ac0/task-dir-parser-config-test-shQKKF/fake-home/.workflowhub/config.json)): /nonexistent-config-task-dir-1783523271863
[collectFacts warn] fact write failed for exec-facts-003
[task-dir-parser] FAIL: WORKFLOWHUB_TASK_DIR is not set and no task_dir found in /Users/Hugh/multica_workspaces_desktop-api.multica.ai/75f83904-e6ad-4897-bd9e-b2fcc5602d33/0868de74/tmp/0868de74-d282-4bff-ba19-4934f5687ac0/task-dir-parser-test-mG5Jwh/home/.workflowhub/config.json. Set the WORKFLOWHUB_TASK_DIR environment variable to the task tracking root directory, or add a task_dir entry to ~/.workflowhub/config.json.
[collectFacts warn] review_invoked not derivable for wh-review-rebuild-test:make-decision:1782f9e3-ba36-48bf-81bf-9ae25dcbc4a1:round1; defaulting to false.
[task-dir-parser] FAIL: path does not exist (source: WORKFLOWHUB_TASK_DIR): /nonexistent-task-dir-1783523271930
[collectFacts warn] review_invoked not derivable for wh-review-rebuild-test:build-code:3d680291-2a23-4d48-8ae0-7d2d429de6a3:round1; defaulting to false.
[task-dir-parser] FAIL: path exists but is not a directory (source: WORKFLOWHUB_TASK_DIR): /Users/Hugh/multica_workspaces_desktop-api.multica.ai/75f83904-e6ad-4897-bd9e-b2fcc5602d33/0868de74/tmp/0868de74-d282-4bff-ba19-4934f5687ac0/task-dir-parser-test-1IJ6Ge/not-a-dir.txt
[collectFacts warn] review_invoked not derivable for wh-review-rebuild-test:build-code:3d680291-2a23-4d48-8ae0-7d2d429de6a3:round2; defaulting to false.
[collectFacts warn] review_invoked not derivable for wh-review-rebuild-test:build-code:3d680291-2a23-4d48-8ae0-7d2d429de6a3:round3; defaulting to false.
[collectFacts warn] review_invoked not derivable for smoke-test-exec-id-001; defaulting to false.
