[collectFacts warn] review_invoked not derivable for exec-9; defaulting to false.
[collectFacts warn] review_invoked not derivable for exec-cold; defaulting to false.
[collectFacts warn] review_invoked not derivable for exec-d; defaulting to false.
[collectFacts warn] review_invoked not derivable for wh-review-rebuild-test:build-code:4c4204a1-3fa6-4176-97c5-24e32613eddb:round1; defaulting to false.
[boundary-confirm warn] boundary decision write failed for exec-bound-writefail
[collectFacts warn] review_invoked not derivable for exec-h; defaulting to false.
[collectFacts warn] review_invoked not derivable for wh-review-rebuild-test:build-code:70d7c545-7923-4e34-8506-18aa8c34b3b1:round1; defaulting to false.
[collectFacts warn] review_invoked not derivable for exec-gap; defaulting to false.
[collectFacts warn] review_invoked not derivable for wh-review-rebuild-test:build-code:70d7c545-7923-4e34-8506-18aa8c34b3b1:round2; defaulting to false.
[receipt-writer] receipt_write_warn could not be written (disk full); original error: disk full
[collectFacts warn] review_invoked not derivable for wh-review-rebuild-test:build-code:70d7c545-7923-4e34-8506-18aa8c34b3b1:round3; defaulting to false.
[collectFacts warn] review_invoked not derivable for wh-review-rebuild-test:build-code:6a77aa96-16d7-4e08-a5d5-b1378cda7e64:round1; defaulting to false.
[collectFacts warn] review_invoked not derivable for wh-review-rebuild-test:build-code:6a77aa96-16d7-4e08-a5d5-b1378cda7e64:round2; defaulting to false.
[collectFacts warn] review_invoked not derivable for wh-review-rebuild-test:build-code:6a77aa96-16d7-4e08-a5d5-b1378cda7e64:round3; defaulting to false.
[collectFacts warn] review_invoked not derivable for wh-review-rebuild-test:build-code:cb52c498-f905-4af4-9fb9-f2f6e2fcd119:round1; defaulting to false.
[collectFacts warn] review_invoked not derivable for wh-review-rebuild-test:build-code:cb52c498-f905-4af4-9fb9-f2f6e2fcd119:round2; defaulting to false.
[collectFacts warn] review_invoked not derivable for wh-review-rebuild-test:build-code:cb52c498-f905-4af4-9fb9-f2f6e2fcd119:round3; defaulting to false.
[collectFacts warn] review_invoked not derivable for wh-review-rebuild-test:build-code:17e891e9-93c2-459e-987e-882a146ebe07:round1; defaulting to false.
[collectFacts warn] review_invoked not derivable for wh-review-rebuild-test:build-code:17e891e9-93c2-459e-987e-882a146ebe07:round2; defaulting to false.
[task-dir-parser] FAIL: WORKFLOWHUB_TASK_DIR is not set and no task_dir found in /Users/Hugh/multica_workspaces_desktop-api.multica.ai/75f83904-e6ad-4897-bd9e-b2fcc5602d33/51ce8015/tmp/51ce8015-476f-40e3-b4d9-c50b6b5a9dc8/task-dir-parser-config-test-El2qeO/fake-home/.workflowhub/config.json. Set the WORKFLOWHUB_TASK_DIR environment variable to the task tracking root directory, or add a task_dir entry to ~/.workflowhub/config.json.
[task-dir-parser] FAIL: 配置有问题 (config.json malformed)
[collectFacts warn] review_invoked not derivable for wh-review-rebuild-test:build-code:17e891e9-93c2-459e-987e-882a146ebe07:round3; defaulting to false.
[task-dir-parser] FAIL: WORKFLOWHUB_TASK_DIR is not set and no task_dir found in /Users/Hugh/multica_workspaces_desktop-api.multica.ai/75f83904-e6ad-4897-bd9e-b2fcc5602d33/51ce8015/tmp/51ce8015-476f-40e3-b4d9-c50b6b5a9dc8/task-dir-parser-config-test-fcSsTp/fake-home/.workflowhub/config.json. Set the WORKFLOWHUB_TASK_DIR environment variable to the task tracking root directory, or add a task_dir entry to ~/.workflowhub/config.json.
[collectFacts warn] review_invoked not derivable for wh-review-rebuild-test:build-code:32e62f16-b0db-4d54-bd81-2b15b49839bb:round1; defaulting to false.
[task-dir-parser] FAIL: WORKFLOWHUB_TASK_DIR is not set and no task_dir found in /Users/Hugh/multica_workspaces_desktop-api.multica.ai/75f83904-e6ad-4897-bd9e-b2fcc5602d33/51ce8015/tmp/51ce8015-476f-40e3-b4d9-c50b6b5a9dc8/task-dir-parser-config-test-7pgkZr/fake-home/.workflowhub/config.json. Set the WORKFLOWHUB_TASK_DIR environment variable to the task tracking root directory, or add a task_dir entry to ~/.workflowhub/config.json.
[collectFacts warn] review_invoked not derivable for exec-facts-001; defaulting to false.
[collectFacts warn] review_invoked not derivable for wh-review-rebuild-test:build-code:32e62f16-b0db-4d54-bd81-2b15b49839bb:round2; defaulting to false.
[task-dir-parser] FAIL: path does not exist (source: config.json (/Users/Hugh/multica_workspaces_desktop-api.multica.ai/75f83904-e6ad-4897-bd9e-b2fcc5602d33/51ce8015/tmp/51ce8015-476f-40e3-b4d9-c50b6b5a9dc8/task-dir-parser-config-test-eGN4yR/fake-home/.workflowhub/config.json)): /nonexistent-config-task-dir-1783534746999
[collectFacts warn] review_invoked not derivable for exec-facts-002; defaulting to false.
[collectFacts warn] review_invoked not derivable for wh-review-rebuild-test:make-decision:5c077b5e-d32d-43ec-b8e1-eca122072a2b:round1; defaulting to false.
[task-dir-parser] FAIL: WORKFLOWHUB_TASK_DIR is not set and no task_dir found in /Users/Hugh/multica_workspaces_desktop-api.multica.ai/75f83904-e6ad-4897-bd9e-b2fcc5602d33/51ce8015/tmp/51ce8015-476f-40e3-b4d9-c50b6b5a9dc8/task-dir-parser-test-5GYw1A/home/.workflowhub/config.json. Set the WORKFLOWHUB_TASK_DIR environment variable to the task tracking root directory, or add a task_dir entry to ~/.workflowhub/config.json.
[collectFacts warn] fact write failed for exec-facts-003
[collectFacts warn] review_invoked not derivable for wh-review-rebuild-test:build-code:ee39ace7-2dc8-4298-acf3-4a2e6a0911b6:round1; defaulting to false.
[task-dir-parser] FAIL: path does not exist (source: WORKFLOWHUB_TASK_DIR): /nonexistent-task-dir-1783534747102
[collectFacts warn] review_invoked not derivable for wh-review-rebuild-test:build-code:ee39ace7-2dc8-4298-acf3-4a2e6a0911b6:round2; defaulting to false.
[task-dir-parser] FAIL: path exists but is not a directory (source: WORKFLOWHUB_TASK_DIR): /Users/Hugh/multica_workspaces_desktop-api.multica.ai/75f83904-e6ad-4897-bd9e-b2fcc5602d33/51ce8015/tmp/51ce8015-476f-40e3-b4d9-c50b6b5a9dc8/task-dir-parser-test-5MuKc1/not-a-dir.txt
[collectFacts warn] review_invoked not derivable for wh-review-rebuild-test:build-code:ee39ace7-2dc8-4298-acf3-4a2e6a0911b6:round3; defaulting to false.
[collectFacts warn] review_invoked not derivable for smoke-test-exec-id-001; defaulting to false.
