
 RUN  v2.1.9 /Users/Hugh/Hugh/Project/workflowhub-wh-quality-convergence

 ✓ core/__tests__/task-index.test.mjs (5 tests) 2ms
 ✓ core/__tests__/task-dir-parser-config.test.mjs (7 tests) 178ms
 ❯ core/__tests__/task-dir-parser.test.mjs (23 tests | 16 failed) 523ms
   × FR-TASKDIR-001 / FR-WORKTREE-ENVVAR-003 task_dir parser > empty WORKFLOWHUB_TASK_DIR is treated as unset, falls back to yaml 29ms
     → Expected values to be strictly equal:
+ actual - expected

+ '/Users/Hugh/Hugh/Knowledge'
- '/Users/Hugh/multica_workspaces_desktop-api.multica.ai/75f83904-e6ad-4897-bd9e-b2fcc5602d33/0868de74/tmp/0868de74-d282-4bff-ba19-4934f5687ac0/task-dir-yaml-empty-env-0E91tf'

   × FR-TASKDIR-001 / FR-WORKTREE-ENVVAR-003 task_dir parser > whitespace-only WORKFLOWHUB_TASK_DIR is treated as unset 23ms
     → Expected values to be strictly equal:
+ actual - expected

+ '/Users/Hugh/Hugh/Knowledge'
- '/Users/Hugh/multica_workspaces_desktop-api.multica.ai/75f83904-e6ad-4897-bd9e-b2fcc5602d33/0868de74/tmp/0868de74-d282-4bff-ba19-4934f5687ac0/task-dir-yaml-ws-env-tGsEfF'

   × FR-TASKDIR-001 / FR-WORKTREE-ENVVAR-003 task_dir parser > yaml task_dir fallback is used when env var is unset 23ms
     → Expected values to be strictly equal:
+ actual - expected

+ '/Users/Hugh/Hugh/Knowledge'
- '/Users/Hugh/multica_workspaces_desktop-api.multica.ai/75f83904-e6ad-4897-bd9e-b2fcc5602d33/0868de74/tmp/0868de74-d282-4bff-ba19-4934f5687ac0/task-dir-parser-test-D22L1M'

   × FR-TASKDIR-001 / FR-WORKTREE-ENVVAR-003 task_dir parser > fail-loud when yaml file does not exist and env var is unset 22ms
     → Expected "actual" to be strictly unequal to: 0
   × FR-TASKDIR-001 / FR-WORKTREE-ENVVAR-003 task_dir parser > fail-loud when yaml exists but has no task_dir key 23ms
     → Expected "actual" to be strictly unequal to: 0
   × FR-TASKDIR-001 / FR-WORKTREE-ENVVAR-003 task_dir parser > fail-loud when yaml task_dir key is present but value is empty 23ms
     → Expected "actual" to be strictly unequal to: 0
   × FR-TASKDIR-001 / FR-WORKTREE-ENVVAR-003 task_dir parser > missing both env var and yaml → fail-loud with nonzero exit and stderr 23ms
     → Expected "actual" to be strictly unequal to: 0
   × FR-TASKDIR-001 / FR-WORKTREE-ENVVAR-003 task_dir parser > ~ in yaml task_dir is expanded to home directory 23ms
     → Expected values to be strictly equal:

1 !== 0

   × FR-TASKDIR-001 / FR-WORKTREE-ENVVAR-003 task_dir parser > fail-loud when yaml task_dir path does not exist 22ms
     → Expected "actual" to be strictly unequal to: 0
   × FR-TASKDIR-001 / FR-WORKTREE-ENVVAR-003 task_dir parser > fail-loud when yaml task_dir is a file, not a directory 23ms
     → Expected "actual" to be strictly unequal to: 0
   × FR-TASKDIR-001 / FR-WORKTREE-ENVVAR-003 task_dir parser > ~/Knowledge/workflowhub/ hardcoded path is NOT used even if it exists 23ms
     → Expected "actual" to be strictly unequal to: 0
   × FR-TASKDIR-001 / FR-WORKTREE-ENVVAR-003 task_dir parser > yaml task_dir with trailing /tasks/ (with slash) is trimmed to task_tracking_root 24ms
     → Expected values to be strictly equal:
+ actual - expected

+ '/Users/Hugh/Hugh/Knowledge'
- '/Users/Hugh/multica_workspaces_desktop-api.multica.ai/75f83904-e6ad-4897-bd9e-b2fcc5602d33/0868de74/tmp/0868de74-d282-4bff-ba19-4934f5687ac0/task-dir-parser-test-AyCtxq'

   × FR-TASKDIR-001 / FR-WORKTREE-ENVVAR-003 task_dir parser > yaml task_dir with trailing /tasks (no slash) is trimmed to task_tracking_root 23ms
     → Expected values to be strictly equal:
+ actual - expected

+ '/Users/Hugh/Hugh/Knowledge'
- '/Users/Hugh/multica_workspaces_desktop-api.multica.ai/75f83904-e6ad-4897-bd9e-b2fcc5602d33/0868de74/tmp/0868de74-d282-4bff-ba19-4934f5687ac0/task-dir-parser-test-D7WzNW'

   × FR-TASKDIR-001 / FR-WORKTREE-ENVVAR-003 task_dir parser > yaml task_dir without /tasks suffix is NOT trimmed 22ms
     → Expected values to be strictly equal:
+ actual - expected

+ '/Users/Hugh/Hugh/Knowledge'
- '/Users/Hugh/multica_workspaces_desktop-api.multica.ai/75f83904-e6ad-4897-bd9e-b2fcc5602d33/0868de74/tmp/0868de74-d282-4bff-ba19-4934f5687ac0/task-dir-parser-test-cjIu82'

   × FR-TASKDIR-001 / FR-WORKTREE-ENVVAR-003 task_dir parser > yaml task_dir with /mytasks suffix is NOT trimmed (only exact /tasks is stripped) 23ms
     → Expected values to be strictly equal:
+ actual - expected

+ '/Users/Hugh/Hugh/Knowledge'
- '/Users/Hugh/multica_workspaces_desktop-api.multica.ai/75f83904-e6ad-4897-bd9e-b2fcc5602d33/0868de74/tmp/0868de74-d282-4bff-ba19-4934f5687ac0/mytasks-test-SyF71k'

   × FR-TASKDIR-001 / FR-WORKTREE-ENVVAR-003 task_dir parser > yaml task_dir './tasks/' resolves against repo root, not the config/ subdir housing workflowhub.yaml 23ms
     → Expected values to be strictly equal:
+ actual - expected

+ '/Users/Hugh/Hugh/Knowledge'
- '/Users/Hugh/multica_workspaces_desktop-api.multica.ai/75f83904-e6ad-4897-bd9e-b2fcc5602d33/0868de74/tmp/0868de74-d282-4bff-ba19-4934f5687ac0/task-dir-parser-test-H4mZfD'

 ✓ tests/receipt-verification.test.mjs (9 tests) 566ms

 Test Files  1 failed | 3 passed (4)
      Tests  16 failed | 28 passed (44)
   Start at  22:52:46
   Duration  740ms (transform 44ms, setup 0ms, collect 81ms, tests 1.27s, environment 0ms, prepare 148ms)

