[task-dir-parser] FAIL: WORKFLOWHUB_TASK_DIR is not set and no task_dir found in /Users/Hugh/multica_workspaces_desktop-api.multica.ai/75f83904-e6ad-4897-bd9e-b2fcc5602d33/0868de74/tmp/0868de74-d282-4bff-ba19-4934f5687ac0/task-dir-parser-config-test-EcfXmh/fake-home/.workflowhub/config.json. Set the WORKFLOWHUB_TASK_DIR environment variable to the task tracking root directory, or add a task_dir entry to ~/.workflowhub/config.json.
[task-dir-parser] FAIL: 配置有问题 (config.json malformed)
[task-dir-parser] FAIL: WORKFLOWHUB_TASK_DIR is not set and no task_dir found in /Users/Hugh/multica_workspaces_desktop-api.multica.ai/75f83904-e6ad-4897-bd9e-b2fcc5602d33/0868de74/tmp/0868de74-d282-4bff-ba19-4934f5687ac0/task-dir-parser-config-test-rfmEK4/fake-home/.workflowhub/config.json. Set the WORKFLOWHUB_TASK_DIR environment variable to the task tracking root directory, or add a task_dir entry to ~/.workflowhub/config.json.
[task-dir-parser] FAIL: WORKFLOWHUB_TASK_DIR is not set and no task_dir found in /Users/Hugh/multica_workspaces_desktop-api.multica.ai/75f83904-e6ad-4897-bd9e-b2fcc5602d33/0868de74/tmp/0868de74-d282-4bff-ba19-4934f5687ac0/task-dir-parser-config-test-B1JUtE/fake-home/.workflowhub/config.json. Set the WORKFLOWHUB_TASK_DIR environment variable to the task tracking root directory, or add a task_dir entry to ~/.workflowhub/config.json.
[task-dir-parser] FAIL: path does not exist (source: config.json (/Users/Hugh/multica_workspaces_desktop-api.multica.ai/75f83904-e6ad-4897-bd9e-b2fcc5602d33/0868de74/tmp/0868de74-d282-4bff-ba19-4934f5687ac0/task-dir-parser-config-test-84Etby/fake-home/.workflowhub/config.json)): /nonexistent-config-task-dir-1783522366662
[task-dir-parser] FAIL: WORKFLOWHUB_TASK_DIR is not set and no task_dir found in /Users/Hugh/multica_workspaces_desktop-api.multica.ai/75f83904-e6ad-4897-bd9e-b2fcc5602d33/0868de74/tmp/0868de74-d282-4bff-ba19-4934f5687ac0/task-dir-parser-fakehome-JxBoA9/.workflowhub/config.json. Set the WORKFLOWHUB_TASK_DIR environment variable to the task tracking root directory, or add a task_dir entry to ~/.workflowhub/config.json.
[task-dir-parser] FAIL: path does not exist (source: WORKFLOWHUB_TASK_DIR): /nonexistent-task-dir-1783522366777
[task-dir-parser] FAIL: path exists but is not a directory (source: WORKFLOWHUB_TASK_DIR): /Users/Hugh/multica_workspaces_desktop-api.multica.ai/75f83904-e6ad-4897-bd9e-b2fcc5602d33/0868de74/tmp/0868de74-d282-4bff-ba19-4934f5687ac0/task-dir-parser-test-kPvsRR/not-a-dir.txt
⎯⎯⎯⎯⎯⎯ Failed Tests 16 ⎯⎯⎯⎯⎯⎯⎯

 FAIL  core/__tests__/task-dir-parser.test.mjs > FR-TASKDIR-001 / FR-WORKTREE-ENVVAR-003 task_dir parser > empty WORKFLOWHUB_TASK_DIR is treated as unset, falls back to yaml
AssertionError: Expected values to be strictly equal:
+ actual - expected

+ '/Users/Hugh/Hugh/Knowledge'
- '/Users/Hugh/multica_workspaces_desktop-api.multica.ai/75f83904-e6ad-4897-bd9e-b2fcc5602d33/0868de74/tmp/0868de74-d282-4bff-ba19-4934f5687ac0/task-dir-yaml-empty-env-0E91tf'


Expected: "/Users/Hugh/multica_workspaces_desktop-api.multica.ai/75f83904-e6ad-4897-bd9e-b2fcc5602d33/0868de74/tmp/0868de74-d282-4bff-ba19-4934f5687ac0/task-dir-yaml-empty-env-0E91tf"
Received: "/Users/Hugh/Hugh/Knowledge"

 ❯ core/__tests__/task-dir-parser.test.mjs:106:14
    104|       const result = runParser({ WORKFLOWHUB_TASK_DIR: "" }, configPat…
    105|       assert.equal(result.exitCode, 0);
    106|       assert.equal(result.stdout, yamlRootDir);
       |              ^
    107|     } finally {
    108|       rmSync(yamlRootDir, { recursive: true, force: true });

⎯⎯⎯⎯⎯⎯⎯⎯⎯⎯⎯⎯⎯⎯⎯⎯⎯⎯⎯⎯⎯⎯⎯[1/16]⎯

 FAIL  core/__tests__/task-dir-parser.test.mjs > FR-TASKDIR-001 / FR-WORKTREE-ENVVAR-003 task_dir parser > whitespace-only WORKFLOWHUB_TASK_DIR is treated as unset
AssertionError: Expected values to be strictly equal:
+ actual - expected

+ '/Users/Hugh/Hugh/Knowledge'
- '/Users/Hugh/multica_workspaces_desktop-api.multica.ai/75f83904-e6ad-4897-bd9e-b2fcc5602d33/0868de74/tmp/0868de74-d282-4bff-ba19-4934f5687ac0/task-dir-yaml-ws-env-tGsEfF'


Expected: "/Users/Hugh/multica_workspaces_desktop-api.multica.ai/75f83904-e6ad-4897-bd9e-b2fcc5602d33/0868de74/tmp/0868de74-d282-4bff-ba19-4934f5687ac0/task-dir-yaml-ws-env-tGsEfF"
Received: "/Users/Hugh/Hugh/Knowledge"

 ❯ core/__tests__/task-dir-parser.test.mjs:119:14
    117|       const result = runParser({ WORKFLOWHUB_TASK_DIR: "   " }, config…
    118|       assert.equal(result.exitCode, 0);
    119|       assert.equal(result.stdout, yamlRootDir);
       |              ^
    120|     } finally {
    121|       rmSync(yamlRootDir, { recursive: true, force: true });

⎯⎯⎯⎯⎯⎯⎯⎯⎯⎯⎯⎯⎯⎯⎯⎯⎯⎯⎯⎯⎯⎯⎯[2/16]⎯

 FAIL  core/__tests__/task-dir-parser.test.mjs > FR-TASKDIR-001 / FR-WORKTREE-ENVVAR-003 task_dir parser > yaml task_dir fallback is used when env var is unset
AssertionError: Expected values to be strictly equal:
+ actual - expected

+ '/Users/Hugh/Hugh/Knowledge'
- '/Users/Hugh/multica_workspaces_desktop-api.multica.ai/75f83904-e6ad-4897-bd9e-b2fcc5602d33/0868de74/tmp/0868de74-d282-4bff-ba19-4934f5687ac0/task-dir-parser-test-D22L1M'


Expected: "/Users/Hugh/multica_workspaces_desktop-api.multica.ai/75f83904-e6ad-4897-bd9e-b2fcc5602d33/0868de74/tmp/0868de74-d282-4bff-ba19-4934f5687ac0/task-dir-parser-test-D22L1M"
Received: "/Users/Hugh/Hugh/Knowledge"

 ❯ core/__tests__/task-dir-parser.test.mjs:132:12
    130|     const result = runParser({ WORKFLOWHUB_TASK_DIR: undefined }, conf…
    131|     assert.equal(result.exitCode, 0);
    132|     assert.equal(result.stdout, tmpDir);
       |            ^
    133|   });
    134| 

⎯⎯⎯⎯⎯⎯⎯⎯⎯⎯⎯⎯⎯⎯⎯⎯⎯⎯⎯⎯⎯⎯⎯[3/16]⎯

 FAIL  core/__tests__/task-dir-parser.test.mjs > FR-TASKDIR-001 / FR-WORKTREE-ENVVAR-003 task_dir parser > fail-loud when yaml file does not exist and env var is unset
AssertionError: Expected "actual" to be strictly unequal to: 0
 ❯ core/__tests__/task-dir-parser.test.mjs:140:12
    138|     const configPath = "/nonexistent/path/workflowhub.yaml";
    139|     const result = runParser({ WORKFLOWHUB_TASK_DIR: undefined }, conf…
    140|     assert.notEqual(result.exitCode, 0);
       |            ^
    141|     assert.match(result.stderr, /WORKFLOWHUB_TASK_DIR|task_dir|fail/i);
    142|   });

⎯⎯⎯⎯⎯⎯⎯⎯⎯⎯⎯⎯⎯⎯⎯⎯⎯⎯⎯⎯⎯⎯⎯[4/16]⎯

 FAIL  core/__tests__/task-dir-parser.test.mjs > FR-TASKDIR-001 / FR-WORKTREE-ENVVAR-003 task_dir parser > fail-loud when yaml exists but has no task_dir key
AssertionError: Expected "actual" to be strictly unequal to: 0
 ❯ core/__tests__/task-dir-parser.test.mjs:148:12
    146|     writeFileSync(configPath, `other_key: some_value\n`);
    147|     const result = runParser({ WORKFLOWHUB_TASK_DIR: undefined }, conf…
    148|     assert.notEqual(result.exitCode, 0);
       |            ^
    149|     assert.match(result.stderr, /WORKFLOWHUB_TASK_DIR|task_dir|fail/i);
    150|   });

⎯⎯⎯⎯⎯⎯⎯⎯⎯⎯⎯⎯⎯⎯⎯⎯⎯⎯⎯⎯⎯⎯⎯[5/16]⎯

 FAIL  core/__tests__/task-dir-parser.test.mjs > FR-TASKDIR-001 / FR-WORKTREE-ENVVAR-003 task_dir parser > fail-loud when yaml task_dir key is present but value is empty
AssertionError: Expected "actual" to be strictly unequal to: 0
 ❯ core/__tests__/task-dir-parser.test.mjs:156:12
    154|     writeFileSync(configPath, `task_dir: \n`);
    155|     const result = runParser({ WORKFLOWHUB_TASK_DIR: undefined }, conf…
    156|     assert.notEqual(result.exitCode, 0);
       |            ^
    157|   });
    158| 

⎯⎯⎯⎯⎯⎯⎯⎯⎯⎯⎯⎯⎯⎯⎯⎯⎯⎯⎯⎯⎯⎯⎯[6/16]⎯

 FAIL  core/__tests__/task-dir-parser.test.mjs > FR-TASKDIR-001 / FR-WORKTREE-ENVVAR-003 task_dir parser > missing both env var and yaml → fail-loud with nonzero exit and stderr
AssertionError: Expected "actual" to be strictly unequal to: 0
 ❯ core/__tests__/task-dir-parser.test.mjs:164:12
    162|     const configPath = join(tmpDir, "nonexistent.yaml");
    163|     const result = runParser({ WORKFLOWHUB_TASK_DIR: undefined }, conf…
    164|     assert.notEqual(result.exitCode, 0);
       |            ^
    165|     assert.ok(result.stderr.length > 0, "stderr must be non-empty");
    166|     assert.match(result.stderr, /WORKFLOWHUB_TASK_DIR|task_dir|fail/i);

⎯⎯⎯⎯⎯⎯⎯⎯⎯⎯⎯⎯⎯⎯⎯⎯⎯⎯⎯⎯⎯⎯⎯[7/16]⎯

 FAIL  core/__tests__/task-dir-parser.test.mjs > FR-TASKDIR-001 / FR-WORKTREE-ENVVAR-003 task_dir parser > ~ in yaml task_dir is expanded to home directory
AssertionError: Expected values to be strictly equal:

1 !== 0


- Expected
+ Received

- 0
+ 1

 ❯ core/__tests__/task-dir-parser.test.mjs:197:14
    195|         configPath
    196|       );
    197|       assert.equal(result.exitCode, 0);
       |              ^
    198|       assert.equal(result.stdout, homeSubDir);
    199|     } finally {

⎯⎯⎯⎯⎯⎯⎯⎯⎯⎯⎯⎯⎯⎯⎯⎯⎯⎯⎯⎯⎯⎯⎯[8/16]⎯

 FAIL  core/__tests__/task-dir-parser.test.mjs > FR-TASKDIR-001 / FR-WORKTREE-ENVVAR-003 task_dir parser > fail-loud when yaml task_dir path does not exist
AssertionError: Expected "actual" to be strictly unequal to: 0
 ❯ core/__tests__/task-dir-parser.test.mjs:216:12
    214|     writeFileSync(configPath, `task_dir: /nonexistent-task-dir-${Date.…
    215|     const result = runParser({ WORKFLOWHUB_TASK_DIR: undefined }, conf…
    216|     assert.notEqual(result.exitCode, 0);
       |            ^
    217|     assert.match(result.stderr, /does not exist|fail/i);
    218|   });

⎯⎯⎯⎯⎯⎯⎯⎯⎯⎯⎯⎯⎯⎯⎯⎯⎯⎯⎯⎯⎯⎯⎯[9/16]⎯

 FAIL  core/__tests__/task-dir-parser.test.mjs > FR-TASKDIR-001 / FR-WORKTREE-ENVVAR-003 task_dir parser > fail-loud when yaml task_dir is a file, not a directory
AssertionError: Expected "actual" to be strictly unequal to: 0
 ❯ core/__tests__/task-dir-parser.test.mjs:236:12
    234|     writeFileSync(configPath, `task_dir: ${filePath}\n`);
    235|     const result = runParser({ WORKFLOWHUB_TASK_DIR: undefined }, conf…
    236|     assert.notEqual(result.exitCode, 0);
       |            ^
    237|     assert.match(result.stderr, /not a directory|fail/i);
    238|   });

⎯⎯⎯⎯⎯⎯⎯⎯⎯⎯⎯⎯⎯⎯⎯⎯⎯⎯⎯⎯⎯⎯[10/16]⎯

 FAIL  core/__tests__/task-dir-parser.test.mjs > FR-TASKDIR-001 / FR-WORKTREE-ENVVAR-003 task_dir parser > ~/Knowledge/workflowhub/ hardcoded path is NOT used even if it exists
AssertionError: Expected "actual" to be strictly unequal to: 0
 ❯ core/__tests__/task-dir-parser.test.mjs:246:12
    244|     writeFileSync(configPath, `other_key: value\n`);
    245|     const result = runParser({ WORKFLOWHUB_TASK_DIR: undefined }, conf…
    246|     assert.notEqual(result.exitCode, 0);
       |            ^
    247|     assert.doesNotMatch(result.stdout, /Knowledge\/workflowhub/);
    248|   });

⎯⎯⎯⎯⎯⎯⎯⎯⎯⎯⎯⎯⎯⎯⎯⎯⎯⎯⎯⎯⎯⎯[11/16]⎯

 FAIL  core/__tests__/task-dir-parser.test.mjs > FR-TASKDIR-001 / FR-WORKTREE-ENVVAR-003 task_dir parser > yaml task_dir with trailing /tasks/ (with slash) is trimmed to task_tracking_root
AssertionError: Expected values to be strictly equal:
+ actual - expected

+ '/Users/Hugh/Hugh/Knowledge'
- '/Users/Hugh/multica_workspaces_desktop-api.multica.ai/75f83904-e6ad-4897-bd9e-b2fcc5602d33/0868de74/tmp/0868de74-d282-4bff-ba19-4934f5687ac0/task-dir-parser-test-AyCtxq'


Expected: "/Users/Hugh/multica_workspaces_desktop-api.multica.ai/75f83904-e6ad-4897-bd9e-b2fcc5602d33/0868de74/tmp/0868de74-d282-4bff-ba19-4934f5687ac0/task-dir-parser-test-AyCtxq"
Received: "/Users/Hugh/Hugh/Knowledge"

 ❯ core/__tests__/task-dir-parser.test.mjs:270:12
    268|     const result = runParser({ WORKFLOWHUB_TASK_DIR: undefined }, conf…
    269|     assert.equal(result.exitCode, 0);
    270|     assert.equal(result.stdout, tmpDir);
       |            ^
    271|   });
    272| 

⎯⎯⎯⎯⎯⎯⎯⎯⎯⎯⎯⎯⎯⎯⎯⎯⎯⎯⎯⎯⎯⎯[12/16]⎯

 FAIL  core/__tests__/task-dir-parser.test.mjs > FR-TASKDIR-001 / FR-WORKTREE-ENVVAR-003 task_dir parser > yaml task_dir with trailing /tasks (no slash) is trimmed to task_tracking_root
AssertionError: Expected values to be strictly equal:
+ actual - expected

+ '/Users/Hugh/Hugh/Knowledge'
- '/Users/Hugh/multica_workspaces_desktop-api.multica.ai/75f83904-e6ad-4897-bd9e-b2fcc5602d33/0868de74/tmp/0868de74-d282-4bff-ba19-4934f5687ac0/task-dir-parser-test-D7WzNW'


Expected: "/Users/Hugh/multica_workspaces_desktop-api.multica.ai/75f83904-e6ad-4897-bd9e-b2fcc5602d33/0868de74/tmp/0868de74-d282-4bff-ba19-4934f5687ac0/task-dir-parser-test-D7WzNW"
Received: "/Users/Hugh/Hugh/Knowledge"

 ❯ core/__tests__/task-dir-parser.test.mjs:280:12
    278|     const result = runParser({ WORKFLOWHUB_TASK_DIR: undefined }, conf…
    279|     assert.equal(result.exitCode, 0);
    280|     assert.equal(result.stdout, tmpDir);
       |            ^
    281|   });
    282| 

⎯⎯⎯⎯⎯⎯⎯⎯⎯⎯⎯⎯⎯⎯⎯⎯⎯⎯⎯⎯⎯⎯[13/16]⎯

 FAIL  core/__tests__/task-dir-parser.test.mjs > FR-TASKDIR-001 / FR-WORKTREE-ENVVAR-003 task_dir parser > yaml task_dir without /tasks suffix is NOT trimmed
AssertionError: Expected values to be strictly equal:
+ actual - expected

+ '/Users/Hugh/Hugh/Knowledge'
- '/Users/Hugh/multica_workspaces_desktop-api.multica.ai/75f83904-e6ad-4897-bd9e-b2fcc5602d33/0868de74/tmp/0868de74-d282-4bff-ba19-4934f5687ac0/task-dir-parser-test-cjIu82'


Expected: "/Users/Hugh/multica_workspaces_desktop-api.multica.ai/75f83904-e6ad-4897-bd9e-b2fcc5602d33/0868de74/tmp/0868de74-d282-4bff-ba19-4934f5687ac0/task-dir-parser-test-cjIu82"
Received: "/Users/Hugh/Hugh/Knowledge"

 ❯ core/__tests__/task-dir-parser.test.mjs:288:12
    286|     const result = runParser({ WORKFLOWHUB_TASK_DIR: undefined }, conf…
    287|     assert.equal(result.exitCode, 0);
    288|     assert.equal(result.stdout, tmpDir);
       |            ^
    289|   });
    290| 

⎯⎯⎯⎯⎯⎯⎯⎯⎯⎯⎯⎯⎯⎯⎯⎯⎯⎯⎯⎯⎯⎯[14/16]⎯

 FAIL  core/__tests__/task-dir-parser.test.mjs > FR-TASKDIR-001 / FR-WORKTREE-ENVVAR-003 task_dir parser > yaml task_dir with /mytasks suffix is NOT trimmed (only exact /tasks is stripped)
AssertionError: Expected values to be strictly equal:
+ actual - expected

+ '/Users/Hugh/Hugh/Knowledge'
- '/Users/Hugh/multica_workspaces_desktop-api.multica.ai/75f83904-e6ad-4897-bd9e-b2fcc5602d33/0868de74/tmp/0868de74-d282-4bff-ba19-4934f5687ac0/mytasks-test-SyF71k'


Expected: "/Users/Hugh/multica_workspaces_desktop-api.multica.ai/75f83904-e6ad-4897-bd9e-b2fcc5602d33/0868de74/tmp/0868de74-d282-4bff-ba19-4934f5687ac0/mytasks-test-SyF71k"
Received: "/Users/Hugh/Hugh/Knowledge"

 ❯ core/__tests__/task-dir-parser.test.mjs:298:14
    296|       const result = runParser({ WORKFLOWHUB_TASK_DIR: undefined }, co…
    297|       assert.equal(result.exitCode, 0);
    298|       assert.equal(result.stdout, myTasksDir);
       |              ^
    299|     } finally {
    300|       rmSync(myTasksDir, { recursive: true, force: true });

⎯⎯⎯⎯⎯⎯⎯⎯⎯⎯⎯⎯⎯⎯⎯⎯⎯⎯⎯⎯⎯⎯[15/16]⎯

 FAIL  core/__tests__/task-dir-parser.test.mjs > FR-TASKDIR-001 / FR-WORKTREE-ENVVAR-003 task_dir parser > yaml task_dir './tasks/' resolves against repo root, not the config/ subdir housing workflowhub.yaml
AssertionError: Expected values to be strictly equal:
+ actual - expected

+ '/Users/Hugh/Hugh/Knowledge'
- '/Users/Hugh/multica_workspaces_desktop-api.multica.ai/75f83904-e6ad-4897-bd9e-b2fcc5602d33/0868de74/tmp/0868de74-d282-4bff-ba19-4934f5687ac0/task-dir-parser-test-H4mZfD'


Expected: "/Users/Hugh/multica_workspaces_desktop-api.multica.ai/75f83904-e6ad-4897-bd9e-b2fcc5602d33/0868de74/tmp/0868de74-d282-4bff-ba19-4934f5687ac0/task-dir-parser-test-H4mZfD"
Received: "/Users/Hugh/Hugh/Knowledge"

 ❯ core/__tests__/task-dir-parser.test.mjs:325:12
    323|     const result = runParser({ WORKFLOWHUB_TASK_DIR: undefined }, conf…
    324|     assert.equal(result.exitCode, 0);
    325|     assert.equal(result.stdout, rootDir);
       |            ^
    326|     assert.notEqual(result.stdout, configDir);
    327|   });

⎯⎯⎯⎯⎯⎯⎯⎯⎯⎯⎯⎯⎯⎯⎯⎯⎯⎯⎯⎯⎯⎯[16/16]⎯

