⎯⎯⎯⎯⎯⎯⎯ Failed Tests 4 ⎯⎯⎯⎯⎯⎯⎯

 FAIL  tests/contract/post-business-browser-reconciliation.test.mjs > P11/T022 post business browser acceptance representation > retains explicit UI scope for browser-tier acceptance on the indexed AC
AssertionError: expected [ Array(1) ] to deeply equal []

- Expected
+ Received

- Array []
+ Array [
+   "P1/T022 acceptance_data[0].tier must be command or service for a post non-UI acceptance",
+ ]

 ❯ tests/contract/post-business-browser-reconciliation.test.mjs:53:27
     51|   it("retains explicit UI scope for browser-tier acceptance on the ind…
     52|     const result = project("browser", undefined, "ui");
     53|     expect(result.errors).toEqual([]);
       |                           ^
     54|     expect(result).toMatchObject({ status: "ready", eligible_for_pass:…
     55|     expect(result.scenarios).toHaveLength(1);

⎯⎯⎯⎯⎯⎯⎯⎯⎯⎯⎯⎯⎯⎯⎯⎯⎯⎯⎯⎯⎯⎯⎯⎯[1/4]⎯

 FAIL  tests/contract/post-business-browser-reconciliation.test.mjs > P11/T022 post business browser acceptance representation > rejects browser acceptance with missing or conflicting UI scope: undefined
 FAIL  tests/contract/post-business-browser-reconciliation.test.mjs > P11/T022 post business browser acceptance representation > rejects browser acceptance with missing or conflicting UI scope: non_ui
AssertionError: expected 'P1/T022 acceptance_data[0].tier must …' to match /ui_scope.*ui/

- Expected: 
/ui_scope.*ui/

+ Received: 
"P1/T022 acceptance_data[0].tier must be command or service for a post non-UI acceptance"

 ❯ tests/contract/post-business-browser-reconciliation.test.mjs:62:38
     60|   it.each([undefined, "non_ui"])("rejects browser acceptance with miss…
     61|     const result = project("browser", undefined, uiScope);
     62|     expect(result.errors.join("; ")).toMatch(/ui_scope.*ui/);
       |                                      ^
     63|     expect(result).toMatchObject({ status: "incomplete", eligible_for_…
     64|     expect(result.scenarios).toEqual([]);

⎯⎯⎯⎯⎯⎯⎯⎯⎯⎯⎯⎯⎯⎯⎯⎯⎯⎯⎯⎯⎯⎯⎯⎯[2/4]⎯

 FAIL  tests/contract/post-business-browser-reconciliation.test.mjs > P11/T022 post business browser acceptance representation > rejects service-only execution metadata on a browser scenario
AssertionError: expected 'P1/T022 acceptance_data[0].tier must …' to match /execution is not allowed for browser/

- Expected: 
/execution is not allowed for browser/

+ Received: 
"P1/T022 acceptance_data[0].tier must be command or service for a post non-UI acceptance"

 ❯ tests/contract/post-business-browser-reconciliation.test.mjs:69:38
     67|   it("rejects service-only execution metadata on a browser scenario", …
     68|     const result = project("browser", SERVICE_EXECUTION, "ui");
     69|     expect(result.errors.join("; ")).toMatch(/execution is not allowed…
       |                                      ^
     70|     expect(result).toMatchObject({ status: "incomplete", eligible_for_…
     71|     expect(result.scenarios).toEqual([]);

⎯⎯⎯⎯⎯⎯⎯⎯⎯⎯⎯⎯⎯⎯⎯⎯⎯⎯⎯⎯⎯⎯⎯⎯[3/4]⎯

