{
  "schema_version": "workflowhub-clean-install.v1",
  "status": "passed",
  "source_tree_hash_before": "2f8e9c3f54f09e435253f06b346568ba75bcce32951800f7418f2985b4df9fa8",
  "source_tree_hash_after": "2f8e9c3f54f09e435253f06b346568ba75bcce32951800f7418f2985b4df9fa8",
  "untracked_audit_before": {
    "files": [
      "core/task-capability.mjs",
      "docs/architecture/deletions-proof.json",
      "evidence/phase-4/current-e2e.txt",
      "evidence/phase-4/current-snapshot-correction.json",
      "evidence/phase-4/progression-green.txt",
      "evidence/phase-5/current-disposition.md",
      "evidence/phase-5/del-03-green.txt",
      "evidence/phase-5/del-07-green.txt",
      "evidence/phase-5/deletion-consumer-audit.json",
      "evidence/phase-5/deletion-slices-summary.json",
      "evidence/phase-5/keep-decisions/DEL-01.json",
      "evidence/phase-5/keep-decisions/DEL-02.json",
      "evidence/phase-5/keep-decisions/DEL-03.json",
      "evidence/phase-5/keep-decisions/DEL-04.json",
      "evidence/phase-5/keep-decisions/DEL-05.json",
      "evidence/phase-5/keep-decisions/DEL-06.json",
      "evidence/phase-5/keep-decisions/DEL-07.json",
      "evidence/phase-5/keep-decisions/DEL-08.json",
      "evidence/phase-5/keep-decisions/DEL-09.json",
      "evidence/phase-5/keep-decisions/DEL-10.json",
      "evidence/phase-5/keep-decisions/DEL-11.json",
      "evidence/phase-5/keep-decisions/DEL-12.json",
      "evidence/phase-5/keep-disposition.json",
      "evidence/phase-6/legacy-zero-red.txt",
      "evidence/phase-6/legacy-zero.txt",
      "evidence/phase-7/mutations-green.txt",
      "evidence/phase-7/mutations-red.txt",
      "evidence/phase-7/test-structure.txt",
      "evidence/phase-8/governance.txt",
      "evidence/phase-8/mechanical-move-blocked.txt",
      "evidence/phase-8/mechanical-move.txt",
      "evidence/phase-8/retired-paths.green.txt",
      "evidence/phase-8/retired-paths.red.txt",
      "evidence/phase-8/shim-keep.green.txt",
      "evidence/phase-8/shim-keep.red.txt",
      "evidence/phase-9/architecture-review.json",
      "evidence/phase-9/clean-install-current.out",
      "evidence/phase-9/clean-install-final-rebind.out",
      "evidence/phase-9/clean-install-final.out",
      "evidence/phase-9/complexity-hard-gates-current.out",
      "evidence/phase-9/complexity-hard-gates-final-current.out",
      "evidence/phase-9/complexity-hard-gates-final-rebind.out",
      "evidence/phase-9/complexity-hard-gates.out",
      "evidence/phase-9/coverage-final.out",
      "evidence/phase-9/diff-check-current.out",
      "evidence/phase-9/diff-check-final-current.out",
      "evidence/phase-9/diff-check-final-rebind.out",
      "evidence/phase-9/diff-check-final.json",
      "evidence/phase-9/final-coverage-validation-current.json",
      "evidence/phase-9/final-coverage-validation.json",
      "evidence/phase-9/final-coverage-verify-current.out",
      "evidence/phase-9/final-coverage.json",
      "evidence/phase-9/final-gates.json",
      "evidence/phase-9/final-targeted-matrix-current.json",
      "evidence/phase-9/final-targeted-matrix.json",
      "evidence/phase-9/final-user-confirmation.json",
      "evidence/phase-9/fixed-oracle-execution.json",
      "evidence/phase-9/focused-final-current-facts.json",
      "evidence/phase-9/focused-revalidation-final.out",
      "evidence/phase-9/focused-vitest.out",
      "evidence/phase-9/inventory-current.out",
      "evidence/phase-9/inventory-final-current.out",
      "evidence/phase-9/inventory-final-rebind.out",
      "evidence/phase-9/inventory-final.out",
      "evidence/phase-9/inventory-zero-final-rebind.out",
      "evidence/phase-9/k3-revise-required-resolutions.json",
      "evidence/phase-9/npm-check-final.out",
      "evidence/phase-9/npm-run-check-current-facts.json",
      "evidence/phase-9/npm-run-check-final-rebind.out",
      "evidence/phase-9/npm-test-current-facts.json",
      "evidence/phase-9/npm-test-final-rebind.out",
      "evidence/phase-9/npm-test-final.out",
      "evidence/phase-9/repository-inventory-current.json",
      "evidence/phase-9/t055-third-review-followup.json",
      "evidence/phase-9/t055-third-review-initial.json",
      "evidence/phase-9/t055-third-review.json",
      "runtime/evidence/acceptance-evidence-validator.mjs",
      "runtime/review/integration-review-subject.mjs",
      "runtime/review/phase-review-subject.mjs",
      "runtime/review/review-controller.mjs",
      "runtime/review/review-output.mjs",
      "runtime/review/review-policy.mjs",
      "runtime/review/schema-validator.mjs",
      "runtime/review/schemas/ac-evidence-summary.schema.json",
      "runtime/review/schemas/attempt.schema.json",
      "runtime/review/schemas/resolution.schema.json",
      "runtime/review/schemas/result.schema.json",
      "runtime/review/schemas/stage-materials.schema.json",
      "runtime/review/stage-materials.json",
      "tests/contract/core-runtime-layering.test.mjs",
      "tests/contract/review-layering.test.mjs"
    ],
    "content_hash": "bef7d53589071465d8b098df31bb3fbaf14c12213f31a92eb9b6f8138c3751b2"
  },
  "untracked_audit_after": {
    "files": [
      "core/task-capability.mjs",
      "docs/architecture/deletions-proof.json",
      "evidence/phase-4/current-e2e.txt",
      "evidence/phase-4/current-snapshot-correction.json",
      "evidence/phase-4/progression-green.txt",
      "evidence/phase-5/current-disposition.md",
      "evidence/phase-5/del-03-green.txt",
      "evidence/phase-5/del-07-green.txt",
      "evidence/phase-5/deletion-consumer-audit.json",
      "evidence/phase-5/deletion-slices-summary.json",
      "evidence/phase-5/keep-decisions/DEL-01.json",
      "evidence/phase-5/keep-decisions/DEL-02.json",
      "evidence/phase-5/keep-decisions/DEL-03.json",
      "evidence/phase-5/keep-decisions/DEL-04.json",
      "evidence/phase-5/keep-decisions/DEL-05.json",
      "evidence/phase-5/keep-decisions/DEL-06.json",
      "evidence/phase-5/keep-decisions/DEL-07.json",
      "evidence/phase-5/keep-decisions/DEL-08.json",
      "evidence/phase-5/keep-decisions/DEL-09.json",
      "evidence/phase-5/keep-decisions/DEL-10.json",
      "evidence/phase-5/keep-decisions/DEL-11.json",
      "evidence/phase-5/keep-decisions/DEL-12.json",
      "evidence/phase-5/keep-disposition.json",
      "evidence/phase-6/legacy-zero-red.txt",
      "evidence/phase-6/legacy-zero.txt",
      "evidence/phase-7/mutations-green.txt",
      "evidence/phase-7/mutations-red.txt",
      "evidence/phase-7/test-structure.txt",
      "evidence/phase-8/governance.txt",
      "evidence/phase-8/mechanical-move-blocked.txt",
      "evidence/phase-8/mechanical-move.txt",
      "evidence/phase-8/retired-paths.green.txt",
      "evidence/phase-8/retired-paths.red.txt",
      "evidence/phase-8/shim-keep.green.txt",
      "evidence/phase-8/shim-keep.red.txt",
      "evidence/phase-9/architecture-review.json",
      "evidence/phase-9/clean-install-current.out",
      "evidence/phase-9/clean-install-final-rebind.out",
      "evidence/phase-9/clean-install-final.out",
      "evidence/phase-9/complexity-hard-gates-current.out",
      "evidence/phase-9/complexity-hard-gates-final-current.out",
      "evidence/phase-9/complexity-hard-gates-final-rebind.out",
      "evidence/phase-9/complexity-hard-gates.out",
      "evidence/phase-9/coverage-final.out",
      "evidence/phase-9/diff-check-current.out",
      "evidence/phase-9/diff-check-final-current.out",
      "evidence/phase-9/diff-check-final-rebind.out",
      "evidence/phase-9/diff-check-final.json",
      "evidence/phase-9/final-coverage-validation-current.json",
      "evidence/phase-9/final-coverage-validation.json",
      "evidence/phase-9/final-coverage-verify-current.out",
      "evidence/phase-9/final-coverage.json",
      "evidence/phase-9/final-gates.json",
      "evidence/phase-9/final-targeted-matrix-current.json",
      "evidence/phase-9/final-targeted-matrix.json",
      "evidence/phase-9/final-user-confirmation.json",
      "evidence/phase-9/fixed-oracle-execution.json",
      "evidence/phase-9/focused-final-current-facts.json",
      "evidence/phase-9/focused-revalidation-final.out",
      "evidence/phase-9/focused-vitest.out",
      "evidence/phase-9/inventory-current.out",
      "evidence/phase-9/inventory-final-current.out",
      "evidence/phase-9/inventory-final-rebind.out",
      "evidence/phase-9/inventory-final.out",
      "evidence/phase-9/inventory-zero-final-rebind.out",
      "evidence/phase-9/k3-revise-required-resolutions.json",
      "evidence/phase-9/npm-check-final.out",
      "evidence/phase-9/npm-run-check-current-facts.json",
      "evidence/phase-9/npm-run-check-final-rebind.out",
      "evidence/phase-9/npm-test-current-facts.json",
      "evidence/phase-9/npm-test-final-rebind.out",
      "evidence/phase-9/npm-test-final.out",
      "evidence/phase-9/repository-inventory-current.json",
      "evidence/phase-9/t055-third-review-followup.json",
      "evidence/phase-9/t055-third-review-initial.json",
      "evidence/phase-9/t055-third-review.json",
      "runtime/evidence/acceptance-evidence-validator.mjs",
      "runtime/review/integration-review-subject.mjs",
      "runtime/review/phase-review-subject.mjs",
      "runtime/review/review-controller.mjs",
      "runtime/review/review-output.mjs",
      "runtime/review/review-policy.mjs",
      "runtime/review/schema-validator.mjs",
      "runtime/review/schemas/ac-evidence-summary.schema.json",
      "runtime/review/schemas/attempt.schema.json",
      "runtime/review/schemas/resolution.schema.json",
      "runtime/review/schemas/result.schema.json",
      "runtime/review/schemas/stage-materials.schema.json",
      "runtime/review/stage-materials.json",
      "tests/contract/core-runtime-layering.test.mjs",
      "tests/contract/review-layering.test.mjs"
    ],
    "content_hash": "bef7d53589071465d8b098df31bb3fbaf14c12213f31a92eb9b6f8138c3751b2"
  },
  "runner_files": 189,
  "skill_bundle_files": 81,
  "install": null,
  "stage_skill_smoke": null,
  "layout": null,
  "source_tree_unchanged": true,
  "untracked_unchanged": true
}
