{
  "schema_version": "workflowhub-clean-install.v1",
  "status": "passed",
  "source_tree_hash_before": "ef1a711d9ddf6af92958e5353bd5fcb0e7032f0599015b939ed8c8704f2f1ff6",
  "source_tree_hash_after": "ef1a711d9ddf6af92958e5353bd5fcb0e7032f0599015b939ed8c8704f2f1ff6",
  "untracked_audit_before": {
    "files": [
      "core/task-capability.mjs",
      "docs/architecture/deletions-proof.json",
      "evidence/phase-4/current-e2e.txt",
      "evidence/phase-4/current-snapshot-correction.json",
      "evidence/phase-4/progression-green.txt",
      "evidence/phase-5/current-disposition.md",
      "evidence/phase-5/del-03-green.txt",
      "evidence/phase-5/del-07-green.txt",
      "evidence/phase-5/deletion-consumer-audit.json",
      "evidence/phase-5/deletion-slices-summary.json",
      "evidence/phase-5/keep-decisions/DEL-01.json",
      "evidence/phase-5/keep-decisions/DEL-02.json",
      "evidence/phase-5/keep-decisions/DEL-03.json",
      "evidence/phase-5/keep-decisions/DEL-04.json",
      "evidence/phase-5/keep-decisions/DEL-05.json",
      "evidence/phase-5/keep-decisions/DEL-06.json",
      "evidence/phase-5/keep-decisions/DEL-07.json",
      "evidence/phase-5/keep-decisions/DEL-08.json",
      "evidence/phase-5/keep-decisions/DEL-09.json",
      "evidence/phase-5/keep-decisions/DEL-10.json",
      "evidence/phase-5/keep-decisions/DEL-11.json",
      "evidence/phase-5/keep-decisions/DEL-12.json",
      "evidence/phase-5/keep-disposition.json",
      "evidence/phase-6/legacy-zero-red.txt",
      "evidence/phase-6/legacy-zero.txt",
      "evidence/phase-7/mutations-green.txt",
      "evidence/phase-7/mutations-red.txt",
      "evidence/phase-7/test-structure.txt",
      "evidence/phase-8/governance.txt",
      "evidence/phase-8/mechanical-move-blocked.txt",
      "evidence/phase-8/mechanical-move.txt",
      "evidence/phase-8/retired-paths.green.txt",
      "evidence/phase-8/retired-paths.red.txt",
      "evidence/phase-8/shim-keep.green.txt",
      "evidence/phase-8/shim-keep.red.txt",
      "evidence/phase-9/architecture-review.json",
      "evidence/phase-9/clean-install-current.out",
      "evidence/phase-9/clean-install-final.out",
      "evidence/phase-9/complexity-hard-gates-current.out",
      "evidence/phase-9/complexity-hard-gates.out",
      "evidence/phase-9/coverage-final.out",
      "evidence/phase-9/diff-check-current.out",
      "evidence/phase-9/diff-check-final.json",
      "evidence/phase-9/final-coverage-validation.json",
      "evidence/phase-9/final-coverage.json",
      "evidence/phase-9/final-gates.json",
      "evidence/phase-9/final-targeted-matrix.json",
      "evidence/phase-9/final-user-confirmation.json",
      "evidence/phase-9/fixed-oracle-execution.json",
      "evidence/phase-9/focused-revalidation-final.out",
      "evidence/phase-9/focused-vitest.out",
      "evidence/phase-9/inventory-current.out",
      "evidence/phase-9/inventory-final.out",
      "evidence/phase-9/k3-revise-required-resolutions.json",
      "evidence/phase-9/npm-check-final.out",
      "evidence/phase-9/npm-test-final.out",
      "evidence/phase-9/repository-inventory-current.json",
      "runtime/evidence/acceptance-evidence-validator.mjs",
      "runtime/review/integration-review-subject.mjs",
      "runtime/review/phase-review-subject.mjs",
      "runtime/review/review-controller.mjs",
      "runtime/review/review-output.mjs",
      "runtime/review/review-policy.mjs",
      "runtime/review/schema-validator.mjs",
      "runtime/review/schemas/ac-evidence-summary.schema.json",
      "runtime/review/schemas/attempt.schema.json",
      "runtime/review/schemas/resolution.schema.json",
      "runtime/review/schemas/result.schema.json",
      "runtime/review/schemas/stage-materials.schema.json",
      "runtime/review/stage-materials.json",
      "tests/contract/core-runtime-layering.test.mjs",
      "tests/contract/review-layering.test.mjs"
    ],
    "content_hash": "0e585514b7e0235dfd1a2236fe65100bd8e59d90e7c979bb1fce186b8150c368"
  },
  "untracked_audit_after": {
    "files": [
      "core/task-capability.mjs",
      "docs/architecture/deletions-proof.json",
      "evidence/phase-4/current-e2e.txt",
      "evidence/phase-4/current-snapshot-correction.json",
      "evidence/phase-4/progression-green.txt",
      "evidence/phase-5/current-disposition.md",
      "evidence/phase-5/del-03-green.txt",
      "evidence/phase-5/del-07-green.txt",
      "evidence/phase-5/deletion-consumer-audit.json",
      "evidence/phase-5/deletion-slices-summary.json",
      "evidence/phase-5/keep-decisions/DEL-01.json",
      "evidence/phase-5/keep-decisions/DEL-02.json",
      "evidence/phase-5/keep-decisions/DEL-03.json",
      "evidence/phase-5/keep-decisions/DEL-04.json",
      "evidence/phase-5/keep-decisions/DEL-05.json",
      "evidence/phase-5/keep-decisions/DEL-06.json",
      "evidence/phase-5/keep-decisions/DEL-07.json",
      "evidence/phase-5/keep-decisions/DEL-08.json",
      "evidence/phase-5/keep-decisions/DEL-09.json",
      "evidence/phase-5/keep-decisions/DEL-10.json",
      "evidence/phase-5/keep-decisions/DEL-11.json",
      "evidence/phase-5/keep-decisions/DEL-12.json",
      "evidence/phase-5/keep-disposition.json",
      "evidence/phase-6/legacy-zero-red.txt",
      "evidence/phase-6/legacy-zero.txt",
      "evidence/phase-7/mutations-green.txt",
      "evidence/phase-7/mutations-red.txt",
      "evidence/phase-7/test-structure.txt",
      "evidence/phase-8/governance.txt",
      "evidence/phase-8/mechanical-move-blocked.txt",
      "evidence/phase-8/mechanical-move.txt",
      "evidence/phase-8/retired-paths.green.txt",
      "evidence/phase-8/retired-paths.red.txt",
      "evidence/phase-8/shim-keep.green.txt",
      "evidence/phase-8/shim-keep.red.txt",
      "evidence/phase-9/architecture-review.json",
      "evidence/phase-9/clean-install-current.out",
      "evidence/phase-9/clean-install-final.out",
      "evidence/phase-9/complexity-hard-gates-current.out",
      "evidence/phase-9/complexity-hard-gates.out",
      "evidence/phase-9/coverage-final.out",
      "evidence/phase-9/diff-check-current.out",
      "evidence/phase-9/diff-check-final.json",
      "evidence/phase-9/final-coverage-validation.json",
      "evidence/phase-9/final-coverage.json",
      "evidence/phase-9/final-gates.json",
      "evidence/phase-9/final-targeted-matrix.json",
      "evidence/phase-9/final-user-confirmation.json",
      "evidence/phase-9/fixed-oracle-execution.json",
      "evidence/phase-9/focused-revalidation-final.out",
      "evidence/phase-9/focused-vitest.out",
      "evidence/phase-9/inventory-current.out",
      "evidence/phase-9/inventory-final.out",
      "evidence/phase-9/k3-revise-required-resolutions.json",
      "evidence/phase-9/npm-check-final.out",
      "evidence/phase-9/npm-test-final.out",
      "evidence/phase-9/repository-inventory-current.json",
      "runtime/evidence/acceptance-evidence-validator.mjs",
      "runtime/review/integration-review-subject.mjs",
      "runtime/review/phase-review-subject.mjs",
      "runtime/review/review-controller.mjs",
      "runtime/review/review-output.mjs",
      "runtime/review/review-policy.mjs",
      "runtime/review/schema-validator.mjs",
      "runtime/review/schemas/ac-evidence-summary.schema.json",
      "runtime/review/schemas/attempt.schema.json",
      "runtime/review/schemas/resolution.schema.json",
      "runtime/review/schemas/result.schema.json",
      "runtime/review/schemas/stage-materials.schema.json",
      "runtime/review/stage-materials.json",
      "tests/contract/core-runtime-layering.test.mjs",
      "tests/contract/review-layering.test.mjs"
    ],
    "content_hash": "0e585514b7e0235dfd1a2236fe65100bd8e59d90e7c979bb1fce186b8150c368"
  },
  "runner_files": 189,
  "skill_bundle_files": 81,
  "install": {
    "status": 0
  },
  "stage_skill_smoke": {
    "status": "passed",
    "mode": "no_provider_preflight",
    "stages": [
      {
        "stage": "make-decision",
        "manifest_hash": "a1f9959348246c1abf21c8c009c1929825352f729fea7da186af7b71f2cf7b56",
        "skill_hash": "96700e69859ae90c843ad92f71f722ea09083e2ea16a75974498ea0536ddaf83",
        "dependencies": [
          {
            "name": "talk-with-zhipeng",
            "declared_trigger": "talk_round_1_2_3",
            "source_skill_hash": "67090e907b433138356cf3773c273870e287e44f081b166eb997ef651474729c",
            "bundle_hash": "f2cb46ec55c11d2e842ee8434b2a85feeeea948dc56fc9d4dd8d51b4e1c1fedb"
          },
          {
            "name": "grill-with-docs",
            "declared_trigger": "after_talk_round_3",
            "source_skill_hash": "d895e8bb11e3c3b6f14669ee44eceb457efa48c81067c7693d2a379b87c11000",
            "bundle_hash": "b966baea047b65314719a1aec8190bbc5da55b8ff5cbe6301b5fc0294343cf78"
          },
          {
            "name": "decision-log",
            "declared_trigger": "decision_record",
            "source_skill_hash": "4ad7e843cf582b2235e43f41b36df2bd38b656c47121ae14364dbfd11f8bf3fa",
            "bundle_hash": "68c3f3a6be4c2953dfc58b62492c5a8b026c9943613c3bde4ef9e7b558a3ea98"
          },
          {
            "name": "wh-review",
            "declared_trigger": "review",
            "source_skill_hash": "6cde7faed41dd459535f0f850d1439ecfb3ff69dd47c56e56efe4d0e6e6d4b40",
            "bundle_hash": "05bdeeddc44715b02350cf5038e9f78e650f17b033389d7486e46d0dff938828"
          }
        ]
      },
      {
        "stage": "build-spec",
        "manifest_hash": "8e2de0b5c96a52b881a4f9d5fbf1b50141d64fc1ae66dfbc32672524d5262bb4",
        "skill_hash": "7a15c0dcb641f40b9d4def4d55ea37ad3ced612c1eb30f96cf7fa46dd22d0ad1",
        "dependencies": [
          {
            "name": "wh-review",
            "declared_trigger": "review",
            "source_skill_hash": "6cde7faed41dd459535f0f850d1439ecfb3ff69dd47c56e56efe4d0e6e6d4b40",
            "bundle_hash": "05bdeeddc44715b02350cf5038e9f78e650f17b033389d7486e46d0dff938828"
          },
          {
            "name": "plan-design-review",
            "declared_trigger": "ui_scope",
            "source_skill_hash": "a48979018a75d82dd1163a7353e750644e720782b3fe463a785d1933add1368a",
            "bundle_hash": "9547fcb2243bc2595a64dc67c80dec067dc0cb55fb1b978849732d3b5f127b94"
          }
        ]
      },
      {
        "stage": "build-plan",
        "manifest_hash": "a3aa6c7f1376062611a6b80ddd1aadc002e1f1a8a5b11d1ab49f2d94c91d5ff4",
        "skill_hash": "c0b0952264fe0f360c1041a16d8763bb0ea675dabc17e1015adaf52b44824cab",
        "dependencies": [
          {
            "name": "spec-research",
            "declared_trigger": "in_memory_research",
            "source_skill_hash": "5f7601d891166b944477d9b25f6111bd1b7b50c06d16a0142270dbb0d34d7003",
            "bundle_hash": "1623561aca7b2f8288140187ff357310bd80a7011ee5f2d6d34737c37bcc78a5"
          },
          {
            "name": "wh-review",
            "declared_trigger": "review",
            "source_skill_hash": "6cde7faed41dd459535f0f850d1439ecfb3ff69dd47c56e56efe4d0e6e6d4b40",
            "bundle_hash": "05bdeeddc44715b02350cf5038e9f78e650f17b033389d7486e46d0dff938828"
          }
        ]
      },
      {
        "stage": "build-code",
        "manifest_hash": "b3e28d57aaf1f28abb654cf95612d077f38a6ebd8d20e8cf47fb98a768d03f23",
        "skill_hash": "89564f2b9afc5fa92fa646d72d86346290362f56acb2143dd99baebd2e63985f",
        "dependencies": [
          {
            "name": "wh-review",
            "declared_trigger": "review",
            "source_skill_hash": "6cde7faed41dd459535f0f850d1439ecfb3ff69dd47c56e56efe4d0e6e6d4b40",
            "bundle_hash": "05bdeeddc44715b02350cf5038e9f78e650f17b033389d7486e46d0dff938828"
          }
        ]
      },
      {
        "stage": "verify-code",
        "manifest_hash": "4ca7786c5c68cf960e348eee902b6da13ae745f79e939035323ac26ab7183fc7",
        "skill_hash": "4b59d74e9df61bd4e86e804ed1dd8f6de0a48b46297e354ab29aeb395ff9110a",
        "dependencies": [
          {
            "name": "wh-review",
            "declared_trigger": "fresh_verification_evidence",
            "source_skill_hash": "6cde7faed41dd459535f0f850d1439ecfb3ff69dd47c56e56efe4d0e6e6d4b40",
            "bundle_hash": "05bdeeddc44715b02350cf5038e9f78e650f17b033389d7486e46d0dff938828"
          }
        ]
      }
    ],
    "release_inputs_unchanged": true
  },
  "layout": {
    "bootstrap_exit": 0,
    "doctor_exit": 0,
    "target_git": true
  },
  "source_tree_unchanged": true,
  "untracked_unchanged": true
}
