{
  "ok": true,
  "baseline_commit": "c3e1b1c5b29e5c0aa35beca7718787b4c7a95faf",
  "candidate": {
    "mode": "worktree",
    "head": "c3e1b1c5b29e5c0aa35beca7718787b4c7a95faf",
    "tree": "e7cacb7e06864403d351d371d1d0d97beaec1847"
  },
  "conclusions": {
    "help": {
      "classification": "preserved",
      "cases": []
    },
    "doctor": {
      "classification": "approved_internal_change",
      "cases": [
        {
          "case_id": "default",
          "classification": "approved_internal_change"
        },
        {
          "case_id": "alternate",
          "classification": "approved_internal_change"
        }
      ]
    },
    "status": {
      "classification": "approved_internal_change",
      "cases": [
        {
          "case_id": "default",
          "classification": "approved_internal_change"
        },
        {
          "case_id": "alternate",
          "classification": "approved_internal_change"
        }
      ]
    },
    "run": {
      "classification": "approved_internal_change",
      "cases": [
        {
          "case_id": "default",
          "classification": "approved_internal_change"
        },
        {
          "case_id": "alternate",
          "classification": "approved_internal_change"
        }
      ]
    },
    "review": {
      "classification": "approved_internal_change",
      "cases": [
        {
          "case_id": "default",
          "classification": "approved_internal_change"
        },
        {
          "case_id": "alternate",
          "classification": "approved_internal_change"
        }
      ]
    },
    "verify": {
      "classification": "approved_internal_change",
      "cases": [
        {
          "case_id": "default",
          "classification": "approved_internal_change"
        },
        {
          "case_id": "alternate",
          "classification": "approved_internal_change"
        }
      ]
    },
    "confirm": {
      "classification": "approved_internal_change",
      "cases": [
        {
          "case_id": "default",
          "classification": "approved_internal_change"
        },
        {
          "case_id": "alternate",
          "classification": "approved_internal_change"
        }
      ]
    },
    "authorize": {
      "classification": "approved_bug_fix",
      "cases": [
        {
          "case_id": "default",
          "classification": "approved_bug_fix"
        },
        {
          "case_id": "alternate",
          "classification": "approved_bug_fix"
        }
      ]
    }
  },
  "differences": [
    {
      "probe": "doctor",
      "classification": "approved_internal_change",
      "cases": [
        {
          "case_id": "default",
          "classification": "approved_internal_change"
        },
        {
          "case_id": "alternate",
          "classification": "approved_internal_change"
        }
      ]
    },
    {
      "probe": "status",
      "classification": "approved_internal_change",
      "cases": [
        {
          "case_id": "default",
          "classification": "approved_internal_change"
        },
        {
          "case_id": "alternate",
          "classification": "approved_internal_change"
        }
      ]
    },
    {
      "probe": "run",
      "classification": "approved_internal_change",
      "cases": [
        {
          "case_id": "default",
          "classification": "approved_internal_change"
        },
        {
          "case_id": "alternate",
          "classification": "approved_internal_change"
        }
      ]
    },
    {
      "probe": "review",
      "classification": "approved_internal_change",
      "cases": [
        {
          "case_id": "default",
          "classification": "approved_internal_change"
        },
        {
          "case_id": "alternate",
          "classification": "approved_internal_change"
        }
      ]
    },
    {
      "probe": "verify",
      "classification": "approved_internal_change",
      "cases": [
        {
          "case_id": "default",
          "classification": "approved_internal_change"
        },
        {
          "case_id": "alternate",
          "classification": "approved_internal_change"
        }
      ]
    },
    {
      "probe": "confirm",
      "classification": "approved_internal_change",
      "cases": [
        {
          "case_id": "default",
          "classification": "approved_internal_change"
        },
        {
          "case_id": "alternate",
          "classification": "approved_internal_change"
        }
      ]
    },
    {
      "probe": "authorize",
      "classification": "approved_bug_fix",
      "cases": [
        {
          "case_id": "default",
          "classification": "approved_bug_fix"
        },
        {
          "case_id": "alternate",
          "classification": "approved_bug_fix"
        }
      ]
    }
  ]
}
